Component: ARM Compiler 5.06 update 5 (build 528) Tool: armlink [4d35e2]

==============================================================================

Section Cross References

    main.o(i.User_Sequential_Logic) refers to tasks.o(i.vTaskDelay) for vTaskDelay
    main.o(i.User_Sequential_Logic) refers to moving.o(i.zhuan_ni) for zhuan_ni
    main.o(i.main) refers to board.o(i.board_init) for board_init
    main.o(i.main) refers to moving.o(i.Moving_Task_Create) for Moving_Task_Create
    main.o(i.main) refers to tasks.o(i.vTaskStartScheduler) for vTaskStartScheduler
    board.o(i.board_init) refers to board.o(i.nvic_init) for nvic_init
    board.o(i.board_init) refers to board.o(i.clock_init) for clock_init
    board.o(i.board_init) refers to board.o(i.usart_init) for usart_init
    board.o(i.clock_init) refers to stm32f4xx_rcc.o(i.RCC_AHB1PeriphClockCmd) for RCC_AHB1PeriphClockCmd
    board.o(i.clock_init) refers to stm32f4xx_rcc.o(i.RCC_APB1PeriphClockCmd) for RCC_APB1PeriphClockCmd
    board.o(i.nvic_init) refers to misc.o(i.NVIC_PriorityGroupConfig) for NVIC_PriorityGroupConfig
    board.o(i.nvic_init) refers to misc.o(i.NVIC_Init) for NVIC_Init
    board.o(i.usart_init) refers to stm32f4xx_gpio.o(i.GPIO_Init) for GPIO_Init
    board.o(i.usart_init) refers to stm32f4xx_gpio.o(i.GPIO_PinAFConfig) for GPIO_PinAFConfig
    board.o(i.usart_init) refers to stm32f4xx_usart.o(i.USART_Init) for USART_Init
    board.o(i.usart_init) refers to stm32f4xx_usart.o(i.USART_ClearITPendingBit) for USART_ClearITPendingBit
    board.o(i.usart_init) refers to stm32f4xx_usart.o(i.USART_ITConfig) for USART_ITConfig
    board.o(i.usart_init) refers to stm32f4xx_usart.o(i.USART_Cmd) for USART_Cmd
    emm_v5.o(i.Emm_V5_Auto_Return_Sys_Params_Timed) refers to usart.o(i.usart_SendCmd) for usart_SendCmd
    emm_v5.o(i.Emm_V5_Auto_Return_Sys_Params_Timed) refers to emm_v5.o(.bss) for cmd
    emm_v5.o(i.Emm_V5_En_Control) refers to usart.o(i.usart_SendCmd) for usart_SendCmd
    emm_v5.o(i.Emm_V5_En_Control) refers to emm_v5.o(.bss) for cmd
    emm_v5.o(i.Emm_V5_MMCL_Auto_Return_Sys_Params_Timed) refers to emm_v5.o(.bss) for MMCL_cmd
    emm_v5.o(i.Emm_V5_MMCL_Auto_Return_Sys_Params_Timed) refers to emm_v5.o(.data) for MMCL_count
    emm_v5.o(i.Emm_V5_MMCL_En_Control) refers to emm_v5.o(.bss) for MMCL_cmd
    emm_v5.o(i.Emm_V5_MMCL_En_Control) refers to emm_v5.o(.data) for MMCL_count
    emm_v5.o(i.Emm_V5_MMCL_Origin_Interrupt) refers to emm_v5.o(.bss) for MMCL_cmd
    emm_v5.o(i.Emm_V5_MMCL_Origin_Interrupt) refers to emm_v5.o(.data) for MMCL_count
    emm_v5.o(i.Emm_V5_MMCL_Origin_Modify_Params) refers to memseta.o(.text) for __aeabi_memclr4
    emm_v5.o(i.Emm_V5_MMCL_Origin_Modify_Params) refers to emm_v5.o(.bss) for MMCL_cmd
    emm_v5.o(i.Emm_V5_MMCL_Origin_Modify_Params) refers to emm_v5.o(.data) for MMCL_count
    emm_v5.o(i.Emm_V5_MMCL_Origin_Set_O) refers to emm_v5.o(.bss) for MMCL_cmd
    emm_v5.o(i.Emm_V5_MMCL_Origin_Set_O) refers to emm_v5.o(.data) for MMCL_count
    emm_v5.o(i.Emm_V5_MMCL_Origin_Trigger_Return) refers to emm_v5.o(.bss) for MMCL_cmd
    emm_v5.o(i.Emm_V5_MMCL_Origin_Trigger_Return) refers to emm_v5.o(.data) for MMCL_count
    emm_v5.o(i.Emm_V5_MMCL_Pos_Control) refers to emm_v5.o(.bss) for MMCL_cmd
    emm_v5.o(i.Emm_V5_MMCL_Pos_Control) refers to emm_v5.o(.data) for MMCL_count
    emm_v5.o(i.Emm_V5_MMCL_Read_Sys_Params) refers to emm_v5.o(.bss) for MMCL_cmd
    emm_v5.o(i.Emm_V5_MMCL_Read_Sys_Params) refers to emm_v5.o(.data) for MMCL_count
    emm_v5.o(i.Emm_V5_MMCL_Reset_Clog_Pro) refers to emm_v5.o(.bss) for MMCL_cmd
    emm_v5.o(i.Emm_V5_MMCL_Reset_Clog_Pro) refers to emm_v5.o(.data) for MMCL_count
    emm_v5.o(i.Emm_V5_MMCL_Reset_CurPos_To_Zero) refers to emm_v5.o(.bss) for MMCL_cmd
    emm_v5.o(i.Emm_V5_MMCL_Reset_CurPos_To_Zero) refers to emm_v5.o(.data) for MMCL_count
    emm_v5.o(i.Emm_V5_MMCL_Reset_Motor) refers to emm_v5.o(.bss) for MMCL_cmd
    emm_v5.o(i.Emm_V5_MMCL_Reset_Motor) refers to emm_v5.o(.data) for MMCL_count
    emm_v5.o(i.Emm_V5_MMCL_Restore_Motor) refers to emm_v5.o(.bss) for MMCL_cmd
    emm_v5.o(i.Emm_V5_MMCL_Restore_Motor) refers to emm_v5.o(.data) for MMCL_count
    emm_v5.o(i.Emm_V5_MMCL_Stop_Now) refers to emm_v5.o(.bss) for MMCL_cmd
    emm_v5.o(i.Emm_V5_MMCL_Stop_Now) refers to emm_v5.o(.data) for MMCL_count
    emm_v5.o(i.Emm_V5_MMCL_Synchronous_motion) refers to emm_v5.o(.bss) for MMCL_cmd
    emm_v5.o(i.Emm_V5_MMCL_Synchronous_motion) refers to emm_v5.o(.data) for MMCL_count
    emm_v5.o(i.Emm_V5_MMCL_Trig_Encoder_Cal) refers to emm_v5.o(.bss) for MMCL_cmd
    emm_v5.o(i.Emm_V5_MMCL_Trig_Encoder_Cal) refers to emm_v5.o(.data) for MMCL_count
    emm_v5.o(i.Emm_V5_MMCL_Vel_Control) refers to emm_v5.o(.bss) for MMCL_cmd
    emm_v5.o(i.Emm_V5_MMCL_Vel_Control) refers to emm_v5.o(.data) for MMCL_count
    emm_v5.o(i.Emm_V5_Modify_Ctrl_Mode) refers to usart.o(i.usart_SendCmd) for usart_SendCmd
    emm_v5.o(i.Emm_V5_Modify_Ctrl_Mode) refers to emm_v5.o(.bss) for cmd
[...]
    moving.o(i.move_zuo) refers to emm_v5.o(i.Emm_V5_Synchronous_motion) for Emm_V5_Synchronous_motion
    moving.o(i.moving_task) refers to main.o(i.User_Sequential_Logic) for User_Sequential_Logic
    moving.o(i.moving_task) refers to tasks.o(i.vTaskDelete) for vTaskDelete
    moving.o(i.zhuan_ni) refers to emm_v5.o(i.Emm_V5_Pos_Control) for Emm_V5_Pos_Control
    moving.o(i.zhuan_ni) refers to tasks.o(i.vTaskDelay) for vTaskDelay
    moving.o(i.zhuan_ni) refers to emm_v5.o(i.Emm_V5_Synchronous_motion) for Emm_V5_Synchronous_motion
    moving.o(i.zhuan_shun) refers to emm_v5.o(i.Emm_V5_Pos_Control) for Emm_V5_Pos_Control
    moving.o(i.zhuan_shun) refers to tasks.o(i.vTaskDelay) for vTaskDelay
    moving.o(i.zhuan_shun) refers to emm_v5.o(i.Emm_V5_Synchronous_motion) for Emm_V5_Synchronous_motion
    entry.o(.ARM.Collect$$$$00000000) refers (Special) to entry10a.o(.ARM.Collect$$$$0000000D) for __rt_final_cpp
    entry.o(.ARM.Collect$$$$00000000) refers (Special) to entry11a.o(.ARM.Collect$$$$0000000F) for __rt_final_exit
    entry.o(.ARM.Collect$$$$00000000) refers (Special) to entry7b.o(.ARM.Collect$$$$00000008) for _main_clock
    entry.o(.ARM.Collect$$$$00000000) refers (Special) to entry8b.o(.ARM.Collect$$$$0000000A) for _main_cpp_init
    entry.o(.ARM.Collect$$$$00000000) refers (Special) to entry9a.o(.ARM.Collect$$$$0000000B) for _main_init
    entry.o(.ARM.Collect$$$$00000000) refers (Special) to entry5.o(.ARM.Collect$$$$00000004) for _main_scatterload
    entry.o(.ARM.Collect$$$$00000000) refers (Special) to entry2.o(.ARM.Collect$$$$00000001) for _main_stk
    entry2.o(.ARM.Collect$$$$00000001) refers to entry2.o(.ARM.Collect$$$$00002712) for __lit__00000000
    entry2.o(.ARM.Collect$$$$00002712) refers to startup_stm32f40_41xxx.o(STACK) for __initial_sp
    entry2.o(__vectab_stack_and_reset_area) refers to startup_stm32f40_41xxx.o(STACK) for __initial_sp
    entry2.o(__vectab_stack_and_reset_area) refers to entry.o(.ARM.Collect$$$$00000000) for __main
    entry5.o(.ARM.Collect$$$$00000004) refers to init.o(.text) for __scatterload
    entry9a.o(.ARM.Collect$$$$0000000B) refers to main.o(i.main) for main
    entry9b.o(.ARM.Collect$$$$0000000C) refers to main.o(i.main) for main
    init.o(.text) refers to entry5.o(.ARM.Collect$$$$00000004) for __main_after_scatterload


==============================================================================

Removing Unused input sections from the image.

    Removing main.o(.rev16_text), (4 bytes).
    Removing main.o(.revsh_text), (4 bytes).
    Removing main.o(.rrx_text), (6 bytes).
    Removing stm32f4xx_it.o(.rev16_text), (4 bytes).
    Removing stm32f4xx_it.o(.revsh_text), (4 bytes).
    Removing stm32f4xx_it.o(.rrx_text), (6 bytes).
    Removing board.o(.rev16_text), (4 bytes).
    Removing board.o(.revsh_text), (4 bytes).
    Removing board.o(.rrx_text), (6 bytes).
    Removing emm_v5.o(.rev16_text), (4 bytes).
    Removing emm_v5.o(.revsh_text), (4 bytes).
    Removing emm_v5.o(.rrx_text), (6 bytes).
    Removing emm_v5.o(i.Emm_V5_Auto_Return_Sys_Params_Timed), (324 bytes).
    Removing emm_v5.o(i.Emm_V5_En_Control), (48 bytes).
    Removing emm_v5.o(i.Emm_V5_MMCL_Auto_Return_Sys_Params_Timed), (368 bytes).
    Removing emm_v5.o(i.Emm_V5_MMCL_En_Control), (92 bytes).
    Removing emm_v5.o(i.Emm_V5_MMCL_Origin_Interrupt), (84 bytes).
    Removing emm_v5.o(i.Emm_V5_MMCL_Origin_Modify_Params), (212 bytes).
    Removing emm_v5.o(i.Emm_V5_MMCL_Origin_Set_O), (88 bytes).
    Removing emm_v5.o(i.Emm_V5_MMCL_Origin_Trigger_Return), (88 bytes).
    Removing emm_v5.o(i.Emm_V5_MMCL_Pos_Control), (184 bytes).
    Removing emm_v5.o(i.Emm_V5_MMCL_Read_Sys_Params), (332 bytes).
    Removing emm_v5.o(i.Emm_V5_MMCL_Reset_Clog_Pro), (84 bytes).
    Removing emm_v5.o(i.Emm_V5_MMCL_Reset_CurPos_To_Zero), (84 bytes).
    Removing emm_v5.o(i.Emm_V5_MMCL_Reset_Motor), (84 bytes).
    Removing emm_v5.o(i.Emm_V5_MMCL_Restore_Motor), (84 bytes).
    Removing emm_v5.o(i.Emm_V5_MMCL_Stop_Now), (88 bytes).
    Removing emm_v5.o(i.Emm_V5_MMCL_Synchronous_motion), (84 bytes).
    Removing emm_v5.o(i.Emm_V5_MMCL_Trig_Encoder_Cal), (84 bytes).
    Removing emm_v5.o(i.Emm_V5_MMCL_Vel_Control), (108 bytes).
    Removing emm_v5.o(i.Emm_V5_Modify_Ctrl_Mode), (48 bytes).
    Removing emm_v5.o(i.Emm_V5_Modify_DMX512_Params), (120 bytes).
    Removing emm_v5.o(i.Emm_V5_Modify_FOC_mA), (52 bytes).
    Removing emm_v5.o(i.Emm_V5_Modify_Firmware_Type), (48 bytes).
    Removing emm_v5.o(i.Emm_V5_Modify_Heart_Protect), (60 bytes).
    Removing emm_v5.o(i.Emm_V5_Modify_Integral_Limit), (60 bytes).
    Removing emm_v5.o(i.Emm_V5_Modify_Lock_Btn), (48 bytes).
    Removing emm_v5.o(i.Emm_V5_Modify_MicroStep), (48 bytes).
    Removing emm_v5.o(i.Emm_V5_Modify_Motor_Dir), (48 bytes).
    Removing emm_v5.o(i.Emm_V5_Modify_Motor_ID), (48 bytes).
    Removing emm_v5.o(i.Emm_V5_Modify_Motor_Type), (60 bytes).
    Removing emm_v5.o(i.Emm_V5_Modify_OM_mA), (52 bytes).
    Removing emm_v5.o(i.Emm_V5_Modify_Otocp), (72 bytes).
    Removing emm_v5.o(i.Emm_V5_Modify_PDFlag), (40 bytes).
    Removing emm_v5.o(i.Emm_V5_Modify_PID_Params), (96 bytes).
    Removing emm_v5.o(i.Emm_V5_Modify_Pos_Window), (52 bytes).
    Removing emm_v5.o(i.Emm_V5_Modify_S_Vel), (48 bytes).
    Removing emm_v5.o(i.Emm_V5_Multi_Motor_Cmd), (124 bytes).
    Removing emm_v5.o(i.Emm_V5_Origin_Interrupt), (36 bytes).
    Removing emm_v5.o(i.Emm_V5_Origin_Modify_Params), (120 bytes).
    Removing emm_v5.o(i.Emm_V5_Origin_Read_Params), (32 bytes).
    Removing emm_v5.o(i.Emm_V5_Origin_Set_O), (44 bytes).
    Removing emm_v5.o(i.Emm_V5_Origin_Trigger_Return), (44 bytes).
    Removing emm_v5.o(i.Emm_V5_Read_DMX512_Params), (36 bytes).
    Removing emm_v5.o(i.Emm_V5_Read_Heart_Protect), (32 bytes).
    Removing emm_v5.o(i.Emm_V5_Read_Integral_Limit), (32 bytes).
    Removing emm_v5.o(i.Emm_V5_Read_Motor_Conf_Params), (36 bytes).
    Removing emm_v5.o(i.Emm_V5_Read_Opt_Param_Sta), (32 bytes).
    Removing emm_v5.o(i.Emm_V5_Read_Otocp), (32 bytes).
    Removing emm_v5.o(i.Emm_V5_Read_PID_Params), (32 bytes).
    Removing emm_v5.o(i.Emm_V5_Read_Pos_Window), (32 bytes).
    Removing emm_v5.o(i.Emm_V5_Read_Sys_Params), (288 bytes).
    Removing emm_v5.o(i.Emm_V5_Read_System_State_Params), (36 bytes).
    Removing emm_v5.o(i.Emm_V5_Reset_Clog_Pro), (36 bytes).
    Removing emm_v5.o(i.Emm_V5_Reset_CurPos_To_Zero), (36 bytes).
    Removing emm_v5.o(i.Emm_V5_Reset_Motor), (36 bytes).
    Removing emm_v5.o(i.Emm_V5_Restore_Motor), (36 bytes).
    Removing emm_v5.o(i.Emm_V5_Stop_Now), (44 bytes).
    Removing emm_v5.o(i.Emm_V5_Trig_Encoder_Cal), (36 bytes).
    Removing emm_v5.o(i.Emm_V5_Vel_Control), (64 bytes).
    Removing emm_v5.o(.data), (2 bytes).
    Removing usart.o(.rev16_text), (4 bytes).
    Removing usart.o(.revsh_text), (4 bytes).
    Removing usart.o(.rrx_text), (6 bytes).
    Removing startup_stm32f40_41xxx.o(HEAP), (512 bytes).
    Removing system_stm32f4xx.o(.rev16_text), (4 bytes).
    Removing system_stm32f4xx.o(.revsh_text), (4 bytes).
    Removing system_stm32f4xx.o(.rrx_text), (6 bytes).
    Removing system_stm32f4xx.o(i.SystemCoreClockUpdate), (192 bytes).
    Removing fifo.o(.rev16_text), (4 bytes).
    Removing fifo.o(.revsh_text), (4 bytes).
    Removing fifo.o(.rrx_text), (6 bytes).
    Removing fifo.o(i.fifo_isEmpty), (28 bytes).
    Removing fifo.o(i.initQueue), (20 bytes).
    Removing delay.o(.rev16_text), (4 bytes).
    Removing delay.o(.revsh_text), (4 bytes).
    Removing delay.o(.rrx_text), (6 bytes).
    Removing delay.o(i.delay_ms), (84 bytes).
    Removing delay.o(i.delay_us), (88 bytes).
    Removing stm32f4xx_gpio.o(.rev16_text), (4 bytes).
    Removing stm32f4xx_gpio.o(.revsh_text), (4 bytes).
    Removing stm32f4xx_gpio.o(.rrx_text), (6 bytes).
    Removing stm32f4xx_gpio.o(i.GPIO_DeInit), (312 bytes).
    Removing stm32f4xx_gpio.o(i.GPIO_PinLockConfig), (34 bytes).
    Removing stm32f4xx_gpio.o(i.GPIO_ReadInputData), (8 bytes).
    Removing stm32f4xx_gpio.o(i.GPIO_ReadInputDataBit), (18 bytes).
    Removing stm32f4xx_gpio.o(i.GPIO_ReadOutputData), (8 bytes).
    Removing stm32f4xx_gpio.o(i.GPIO_ReadOutputDataBit), (18 bytes).
    Removing stm32f4xx_gpio.o(i.GPIO_ResetBits), (4 bytes).
    Removing stm32f4xx_gpio.o(i.GPIO_SetBits), (4 bytes).
    Removing stm32f4xx_gpio.o(i.GPIO_StructInit), (18 bytes).
    Removing stm32f4xx_gpio.o(i.GPIO_ToggleBits), (8 bytes).
    Removing stm32f4xx_gpio.o(i.GPIO_Write), (4 bytes).
    Removing stm32f4xx_gpio.o(i.GPIO_WriteBit), (10 bytes).
    Removing stm32f4xx_rcc.o(.rev16_text), (4 bytes).
    Removing stm32f4xx_rcc.o(.revsh_text), (4 bytes).
    Removing stm32f4xx_rcc.o(.rrx_text), (6 bytes).
    Removing stm32f4xx_rcc.o(i.RCC_AHB1PeriphClockLPModeCmd), (32 bytes).
    Removing stm32f4xx_rcc.o(i.RCC_AHB1PeriphResetCmd), (32 bytes).
    Removing stm32f4xx_rcc.o(i.RCC_AHB2PeriphClockCmd), (32 bytes).
    Removing stm32f4xx_rcc.o(i.RCC_AHB2PeriphClockLPModeCmd), (32 bytes).
    Removing stm32f4xx_rcc.o(i.RCC_AHB2PeriphResetCmd), (32 bytes).
    Removing stm32f4xx_rcc.o(i.RCC_AHB3PeriphClockCmd), (32 bytes).
    Removing stm32f4xx_rcc.o(i.RCC_AHB3PeriphClockLPModeCmd), (32 bytes).
    Removing stm32f4xx_rcc.o(i.RCC_AHB3PeriphResetCmd), (32 bytes).
    Removing stm32f4xx_rcc.o(i.RCC_APB1PeriphClockLPModeCmd), (32 bytes).
    Removing stm32f4xx_rcc.o(i.RCC_APB1PeriphResetCmd), (32 bytes).
    Removing stm32f4xx_rcc.o(i.RCC_APB2PeriphClockCmd), (32 bytes).
    Removing stm32f4xx_rcc.o(i.RCC_APB2PeriphClockLPModeCmd), (32 bytes).
    Removing stm32f4xx_rcc.o(i.RCC_APB2PeriphResetCmd), (32 bytes).
    Removing stm32f4xx_rcc.o(i.RCC_AdjustHSICalibrationValue), (24 bytes).
    Removing stm32f4xx_rcc.o(i.RCC_BackupResetCmd), (12 bytes).
    Removing stm32f4xx_rcc.o(i.RCC_ClearFlag), (20 bytes).
    Removing stm32f4xx_rcc.o(i.RCC_ClearITPendingBit), (12 bytes).
    Removing stm32f4xx_rcc.o(i.RCC_ClockSecuritySystemCmd), (12 bytes).
    Removing stm32f4xx_rcc.o(i.RCC_DeInit), (100 bytes).
    Removing stm32f4xx_rcc.o(i.RCC_GetFlagStatus), (64 bytes).
    Removing stm32f4xx_rcc.o(i.RCC_GetITStatus), (24 bytes).
    Removing stm32f4xx_rcc.o(i.RCC_GetSYSCLKSource), (16 bytes).
    Removing stm32f4xx_rcc.o(i.RCC_HCLKConfig), (24 bytes).
    Removing stm32f4xx_rcc.o(i.RCC_HSEConfig), (16 bytes).
    Removing stm32f4xx_rcc.o(i.RCC_HSICmd), (12 bytes).
    Removing stm32f4xx_rcc.o(i.RCC_I2SCLKConfig), (12 bytes).
    Removing stm32f4xx_rcc.o(i.RCC_ITConfig), (32 bytes).
    Removing stm32f4xx_rcc.o(i.RCC_LSEConfig), (44 bytes).
    Removing stm32f4xx_rcc.o(i.RCC_LSEModeConfig), (36 bytes).
    Removing stm32f4xx_rcc.o(i.RCC_LSICmd), (12 bytes).
    Removing stm32f4xx_rcc.o(i.RCC_LTDCCLKDivConfig), (24 bytes).
    Removing stm32f4xx_rcc.o(i.RCC_MCO1Config), (28 bytes).
    Removing stm32f4xx_rcc.o(i.RCC_MCO2Config), (28 bytes).
    Removing stm32f4xx_rcc.o(i.RCC_PCLK1Config), (24 bytes).
    Removing stm32f4xx_rcc.o(i.RCC_PCLK2Config), (24 bytes).
    Removing stm32f4xx_rcc.o(i.RCC_PLLCmd), (12 bytes).
    Removing stm32f4xx_rcc.o(i.RCC_PLLConfig), (36 bytes).
    Removing stm32f4xx_rcc.o(i.RCC_PLLI2SCmd), (12 bytes).
    Removing stm32f4xx_rcc.o(i.RCC_PLLI2SConfig), (16 bytes).
    Removing stm32f4xx_rcc.o(i.RCC_PLLSAICmd), (12 bytes).
    Removing stm32f4xx_rcc.o(i.RCC_PLLSAIConfig), (24 bytes).
    Removing stm32f4xx_rcc.o(i.RCC_RTCCLKCmd), (12 bytes).
    Removing stm32f4xx_rcc.o(i.RCC_RTCCLKConfig), (60 bytes).
    Removing stm32f4xx_rcc.o(i.RCC_SAIBlockACLKConfig), (24 bytes).
    Removing stm32f4xx_rcc.o(i.RCC_SAIBlockBCLKConfig), (24 bytes).
    Removing stm32f4xx_rcc.o(i.RCC_SAIPLLI2SClkDivConfig), (28 bytes).
    Removing stm32f4xx_rcc.o(i.RCC_SAIPLLSAIClkDivConfig), (28 bytes).
    Removing stm32f4xx_rcc.o(i.RCC_SYSCLKConfig), (24 bytes).
    Removing stm32f4xx_rcc.o(i.RCC_TIMCLKPresConfig), (12 bytes).
    Removing stm32f4xx_rcc.o(i.RCC_WaitForHSEStartUp), (56 bytes).
    Removing stm32f4xx_usart.o(.rev16_text), (4 bytes).
    Removing stm32f4xx_usart.o(.revsh_text), (4 bytes).
    Removing stm32f4xx_usart.o(.rrx_text), (6 bytes).
    Removing stm32f4xx_usart.o(i.USART_ClearFlag), (18 bytes).
    Removing stm32f4xx_usart.o(i.USART_ClockInit), (32 bytes).
    Removing stm32f4xx_usart.o(i.USART_ClockStructInit), (12 bytes).
    Removing stm32f4xx_usart.o(i.USART_DMACmd), (18 bytes).
    Removing stm32f4xx_usart.o(i.USART_DeInit), (240 bytes).
    Removing stm32f4xx_usart.o(i.USART_GetFlagStatus), (26 bytes).
    Removing stm32f4xx_usart.o(i.USART_HalfDuplexCmd), (24 bytes).
    Removing stm32f4xx_usart.o(i.USART_IrDACmd), (24 bytes).
    Removing stm32f4xx_usart.o(i.USART_IrDAConfig), (18 bytes).
    Removing stm32f4xx_usart.o(i.USART_LINBreakDetectLengthConfig), (18 bytes).
    Removing stm32f4xx_usart.o(i.USART_LINCmd), (24 bytes).
    Removing stm32f4xx_usart.o(i.USART_OneBitMethodCmd), (24 bytes).
    Removing stm32f4xx_usart.o(i.USART_OverSampling8Cmd), (22 bytes).
    Removing stm32f4xx_usart.o(i.USART_ReceiveData), (10 bytes).
    Removing stm32f4xx_usart.o(i.USART_ReceiverWakeUpCmd), (24 bytes).
    Removing stm32f4xx_usart.o(i.USART_SendBreak), (10 bytes).
    Removing stm32f4xx_usart.o(i.USART_SendData), (8 bytes).
    Removing stm32f4xx_usart.o(i.USART_SetAddress), (18 bytes).
    Removing stm32f4xx_usart.o(i.USART_SetGuardTime), (16 bytes).
    Removing stm32f4xx_usart.o(i.USART_SetPrescaler), (16 bytes).
    Removing stm32f4xx_usart.o(i.USART_SmartCardCmd), (24 bytes).
    Removing stm32f4xx_usart.o(i.USART_SmartCardNACKCmd), (24 bytes).
    Removing stm32f4xx_usart.o(i.USART_StructInit), (24 bytes).
    Removing stm32f4xx_usart.o(i.USART_WakeUpConfig), (18 bytes).
    Removing misc.o(.rev16_text), (4 bytes).
    Removing misc.o(.revsh_text), (4 bytes).
    Removing misc.o(.rrx_text), (6 bytes).
    Removing misc.o(i.NVIC_SetVectorTable), (20 bytes).
    Removing misc.o(i.NVIC_SystemLPConfig), (32 bytes).
    Removing misc.o(i.SysTick_CLKSourceConfig), (40 bytes).
    Removing event_groups.o(i.prvTestWaitCondition), (30 bytes).
    Removing event_groups.o(i.uxEventGroupGetNumber), (14 bytes).
    Removing event_groups.o(i.vEventGroupClearBitsCallback), (16 bytes).
    Removing event_groups.o(i.vEventGroupDelete), (106 bytes).
    Removing event_groups.o(i.vEventGroupSetBitsCallback), (16 bytes).
    Removing event_groups.o(i.vEventGroupSetNumber), (4 bytes).
    Removing event_groups.o(i.xEventGroupClearBits), (92 bytes).
    Removing event_groups.o(i.xEventGroupCreate), (26 bytes).
    Removing event_groups.o(i.xEventGroupGetBitsFromISR), (44 bytes).
    Removing event_groups.o(i.xEventGroupSetBits), (206 bytes).
    Removing event_groups.o(i.xEventGroupSync), (272 bytes).
    Removing event_groups.o(i.xEventGroupWaitBits), (344 bytes).
    Removing queue.o(i.pcQueueGetName), (68 bytes).
    Removing queue.o(i.prvCopyDataToQueue), (126 bytes).
    Removing queue.o(i.prvGetDisinheritPriorityAfterTimeout), (20 bytes).
    Removing queue.o(i.prvInitialiseMutex), (30 bytes).
    Removing queue.o(i.prvIsQueueFull), (30 bytes).
    Removing queue.o(i.ucQueueGetQueueType), (8 bytes).
    Removing queue.o(i.uxQueueGetQueueItemSize), (6 bytes).
    Removing queue.o(i.uxQueueGetQueueLength), (6 bytes).
    Removing queue.o(i.uxQueueGetQueueNumber), (6 bytes).
    Removing queue.o(i.uxQueueMessagesWaiting), (42 bytes).
    Removing queue.o(i.uxQueueMessagesWaitingFromISR), (34 bytes).
    Removing queue.o(i.uxQueueSpacesAvailable), (48 bytes).
    Removing queue.o(i.vQueueDelete), (44 bytes).
    Removing queue.o(i.vQueueSetQueueNumber), (4 bytes).
    Removing queue.o(i.vQueueUnregisterQueue), (72 bytes).
    Removing queue.o(i.xQueueCreateCountingSemaphore), (60 bytes).
    Removing queue.o(i.xQueueCreateMutex), (34 bytes).
    Removing queue.o(i.xQueueGenericSend), (424 bytes).
    Removing queue.o(i.xQueueGenericSendFromISR), (298 bytes).
    Removing queue.o(i.xQueueGiveFromISR), (274 bytes).
    Removing queue.o(i.xQueueGiveMutexRecursive), (72 bytes).
    Removing queue.o(i.xQueueIsQueueEmptyFromISR), (42 bytes).
    Removing queue.o(i.xQueueIsQueueFullFromISR), (46 bytes).
    Removing queue.o(i.xQueuePeek), (368 bytes).
    Removing queue.o(i.xQueuePeekFromISR), (176 bytes).
    Removing queue.o(i.xQueueReceiveFromISR), (254 bytes).
    Removing queue.o(i.xQueueSemaphoreTake), (404 bytes).
    Removing queue.o(i.xQueueTakeMutexRecursive), (78 bytes).
    Removing stream_buffer.o(i.prvBytesInBuffer), (24 bytes).
    Removing stream_buffer.o(i.prvInitialiseNewStreamBuffer), (90 bytes).
    Removing stream_buffer.o(i.prvReadBytesFromBuffer), (180 bytes).
    Removing stream_buffer.o(i.prvReadMessageFromBuffer), (90 bytes).
    Removing stream_buffer.o(i.prvWriteBytesToBuffer), (184 bytes).
    Removing stream_buffer.o(i.prvWriteMessageToBuffer), (124 bytes).
    Removing stream_buffer.o(i.ucStreamBufferGetStreamBufferType), (10 bytes).
    Removing stream_buffer.o(i.uxStreamBufferGetStreamBufferNotificationIndex), (32 bytes).
    Removing stream_buffer.o(i.uxStreamBufferGetStreamBufferNumber), (6 bytes).
    Removing stream_buffer.o(i.vStreamBufferDelete), (56 bytes).
    Removing stream_buffer.o(i.vStreamBufferSetStreamBufferNotificationIndex), (134 bytes).
    Removing stream_buffer.o(i.vStreamBufferSetStreamBufferNumber), (4 bytes).
    Removing stream_buffer.o(i.xStreamBufferBytesAvailable), (42 bytes).
    Removing stream_buffer.o(i.xStreamBufferGenericCreate), (222 bytes).
    Removing stream_buffer.o(i.xStreamBufferIsEmpty), (46 bytes).
    Removing stream_buffer.o(i.xStreamBufferIsFull), (64 bytes).
    Removing stream_buffer.o(i.xStreamBufferNextMessageLengthBytes), (108 bytes).
    Removing stream_buffer.o(i.xStreamBufferReceive), (278 bytes).
    Removing stream_buffer.o(i.xStreamBufferReceiveCompletedFromISR), (104 bytes).
    Removing stream_buffer.o(i.xStreamBufferReceiveFromISR), (186 bytes).
    Removing stream_buffer.o(i.xStreamBufferReset), (84 bytes).
    Removing stream_buffer.o(i.xStreamBufferResetFromISR), (112 bytes).
    Removing stream_buffer.o(i.xStreamBufferSend), (348 bytes).
    Removing stream_buffer.o(i.xStreamBufferSendCompletedFromISR), (104 bytes).
    Removing stream_buffer.o(i.xStreamBufferSendFromISR), (188 bytes).
    Removing stream_buffer.o(i.xStreamBufferSetTriggerLevel), (50 bytes).
    Removing stream_buffer.o(i.xStreamBufferSpacesAvailable), (64 bytes).
    Removing tasks.o(i.eTaskGetState), (180 bytes).
    Removing tasks.o(i.pcTaskGetName), (48 bytes).
    Removing tasks.o(i.prvListTasksWithinSingleList), (62 bytes).
    Removing tasks.o(i.prvTaskCheckFreeStackSpace), (20 bytes).
    Removing tasks.o(i.prvTaskIsTaskSuspended), (120 bytes).
    Removing tasks.o(i.pvTaskIncrementMutexHeldCount), (20 bytes).
    Removing tasks.o(i.ulTaskGenericNotifyTake), (204 bytes).
    Removing tasks.o(i.ulTaskGenericNotifyValueClear), (96 bytes).
    Removing tasks.o(i.uxTaskBasePriorityGet), (36 bytes).
    Removing tasks.o(i.uxTaskBasePriorityGetFromISR), (68 bytes).
    Removing tasks.o(i.uxTaskGetNumberOfTasks), (12 bytes).
    Removing tasks.o(i.uxTaskGetSystemState), (176 bytes).
    Removing tasks.o(i.uxTaskGetTaskNumber), (14 bytes).
    Removing tasks.o(i.uxTaskPriorityGet), (36 bytes).
    Removing tasks.o(i.uxTaskPriorityGetFromISR), (68 bytes).
    Removing tasks.o(i.uxTaskResetEventItemValue), (28 bytes).
    Removing tasks.o(i.vTaskEndScheduler), (76 bytes).
    Removing tasks.o(i.vTaskGenericNotifyGiveFromISR), (408 bytes).
    Removing tasks.o(i.vTaskGetInfo), (204 bytes).
    Removing tasks.o(i.vTaskPlaceOnUnorderedEventList), (148 bytes).
    Removing tasks.o(i.vTaskPriorityDisinheritAfterTimeout), (288 bytes).
    Removing tasks.o(i.vTaskPrioritySet), (352 bytes).
    Removing tasks.o(i.vTaskRemoveFromUnorderedEventList), (288 bytes).
    Removing tasks.o(i.vTaskResetState), (116 bytes).
    Removing tasks.o(i.vTaskResume), (212 bytes).
    Removing tasks.o(i.vTaskSetTaskNumber), (8 bytes).
    Removing tasks.o(i.vTaskSetTimeOutState), (60 bytes).
    Removing tasks.o(i.vTaskSuspend), (260 bytes).
    Removing tasks.o(i.xTaskCatchUpTicks), (80 bytes).
    Removing tasks.o(i.xTaskDelayUntil), (216 bytes).
    Removing tasks.o(i.xTaskGenericNotify), (480 bytes).
    Removing tasks.o(i.xTaskGenericNotifyFromISR), (560 bytes).
    Removing tasks.o(i.xTaskGenericNotifyStateClear), (96 bytes).
    Removing tasks.o(i.xTaskGenericNotifyWait), (240 bytes).
    Removing tasks.o(i.xTaskGetCurrentTaskHandle), (12 bytes).
    Removing tasks.o(i.xTaskGetCurrentTaskHandleForCore), (32 bytes).
    Removing tasks.o(i.xTaskGetTickCountFromISR), (20 bytes).
    Removing tasks.o(i.xTaskPriorityDisinherit), (248 bytes).
    Removing tasks.o(i.xTaskPriorityInherit), (244 bytes).
    Removing tasks.o(i.xTaskResumeFromISR), (248 bytes).
    Removing timers.o(i.pcTimerGetName), (32 bytes).
    Removing timers.o(i.prvInitialiseNewTimer), (88 bytes).
    Removing timers.o(i.pvTimerGetTimerID), (44 bytes).
    Removing timers.o(i.uxTimerGetReloadMode), (16 bytes).
    Removing timers.o(i.uxTimerGetTimerNumber), (6 bytes).
    Removing timers.o(i.vTimerResetState), (20 bytes).
    Removing timers.o(i.vTimerSetReloadMode), (70 bytes).
    Removing timers.o(i.vTimerSetTimerID), (44 bytes).
    Removing timers.o(i.vTimerSetTimerNumber), (4 bytes).
    Removing timers.o(i.xTimerCreate), (54 bytes).
    Removing timers.o(i.xTimerGenericCommandFromISR), (120 bytes).
    Removing timers.o(i.xTimerGenericCommandFromTask), (144 bytes).
    Removing timers.o(i.xTimerGetExpiryTime), (34 bytes).
    Removing timers.o(i.xTimerGetPeriod), (32 bytes).
    Removing timers.o(i.xTimerGetReloadMode), (58 bytes).
    Removing timers.o(i.xTimerGetTimerDaemonTaskHandle), (48 bytes).
    Removing timers.o(i.xTimerIsTimerActive), (58 bytes).
    Removing port.o(i.vPortEndScheduler), (48 bytes).
    Removing port.o(i.vPortValidateInterruptPriority), (120 bytes).
    Removing heap_4.o(i.pvPortCalloc), (54 bytes).
    Removing heap_4.o(i.vPortGetHeapStats), (128 bytes).
    Removing heap_4.o(i.vPortHeapResetState), (44 bytes).
    Removing heap_4.o(i.vPortInitialiseBlocks), (2 bytes).
    Removing heap_4.o(i.xPortGetFreeHeapSize), (12 bytes).
    Removing heap_4.o(i.xPortGetMinimumEverFreeHeapSize), (12 bytes).
    Removing moving.o(.rev16_text), (4 bytes).
    Removing moving.o(.revsh_text), (4 bytes).
    Removing moving.o(.rrx_text), (6 bytes).
    Removing moving.o(i.move_hou), (124 bytes).
    Removing moving.o(i.move_qian), (124 bytes).
    Removing moving.o(i.move_you), (124 bytes).
    Removing moving.o(i.move_zuo), (124 bytes).
    Removing moving.o(i.zhuan_shun), (120 bytes).

330 unused section(s) (total 23700 bytes) removed from the image.

==============================================================================

Image Symbol Table

    Local Symbols

    Symbol Name                              Value     Ov Type        Size  Object(Section)

    ../clib/microlib/init/entry.s            0x00000000   Number         0  entry7b.o ABSOLUTE
    ../clib/microlib/init/entry.s            0x00000000   Number         0  entry8a.o ABSOLUTE
    ../clib/microlib/init/entry.s            0x00000000   Number         0  entry10b.o ABSOLUTE
    ../clib/microlib/init/entry.s            0x00000000   Number         0  entry5.o ABSOLUTE
    ../clib/microlib/init/entry.s            0x00000000   Number         0  entry8b.o ABSOLUTE
    ../clib/microlib/init/entry.s            0x00000000   Number         0  entry2.o ABSOLUTE
    ../clib/microlib/init/entry.s            0x00000000   Number         0  entry10a.o ABSOLUTE
    ../clib/microlib/init/entry.s            0x00000000   Number         0  entry9b.o ABSOLUTE
    ../clib/microlib/init/entry.s            0x00000000   Number         0  entry7a.o ABSOLUTE
    ../clib/microlib/init/entry.s            0x00000000   Number         0  entry9a.o ABSOLUTE
    ../clib/microlib/init/entry.s            0x00000000   Number         0  entry11a.o ABSOLUTE
    ../clib/microlib/init/entry.s            0x00000000   Number         0  entry.o ABSOLUTE
    ../clib/microlib/init/entry.s            0x00000000   Number         0  entry11b.o ABSOLUTE
    ../clib/microlib/string/memcpy.c         0x00000000   Number         0  memcpyb.o ABSOLUTE
    ../clib/microlib/string/memcpy.c         0x00000000   Number         0  memcpya.o ABSOLUTE
    ../clib/microlib/string/memset.c         0x00000000   Number         0  memseta.o ABSOLUTE
    ../clib/microlib/string/memset.c         0x00000000   Number         0  memset.o ABSOLUTE
    ..\APP\main.c                            0x00000000   Number         0  main.o ABSOLUTE
    ..\APP\stm32f4xx_it.c                    0x00000000   Number         0  stm32f4xx_it.o ABSOLUTE
    ..\BSP\Emm_V5.c                          0x00000000   Number         0  emm_v5.o ABSOLUTE
    ..\BSP\board.c                           0x00000000   Number         0  board.o ABSOLUTE
    ..\BSP\usart.c                           0x00000000   Number         0  usart.o ABSOLUTE
    ..\CMSIS\startup_stm32f40_41xxx.s        0x00000000   Number         0  startup_stm32f40_41xxx.o ABSOLUTE
    ..\CMSIS\system_stm32f4xx.c              0x00000000   Number         0  system_stm32f4xx.o ABSOLUTE
    ..\DRIVERS\delay.c                       0x00000000   Number         0  delay.o ABSOLUTE
    ..\DRIVERS\fifo.c                        0x00000000   Number         0  fifo.o ABSOLUTE
    ..\FreeRTOS\croutine.c                   0x00000000   Number         0  croutine.o ABSOLUTE
    ..\FreeRTOS\event_groups.c               0x00000000   Number         0  event_groups.o ABSOLUTE
    ..\FreeRTOS\list.c                       0x00000000   Number         0  list.o ABSOLUTE
    ..\FreeRTOS\portable\MemMang\heap_4.c    0x00000000   Number         0  heap_4.o ABSOLUTE
    ..\FreeRTOS\portable\RVDS\ARM_CM4F\port.c 0x00000000   Number         0  port.o ABSOLUTE
    ..\FreeRTOS\queue.c                      0x00000000   Number         0  queue.o ABSOLUTE
    ..\FreeRTOS\stream_buffer.c              0x00000000   Number         0  stream_buffer.o ABSOLUTE
    ..\FreeRTOS\tasks.c                      0x00000000   Number         0  tasks.o ABSOLUTE
    ..\FreeRTOS\timers.c                     0x00000000   Number         0  timers.o ABSOLUTE
    ..\Hardware\moving.c                     0x00000000   Number         0  moving.o ABSOLUTE
    ..\LIB\STM32F4xx_StdPeriph_Driver\src\misc.c 0x00000000   Number         0  misc.o ABSOLUTE
    ..\LIB\STM32F4xx_StdPeriph_Driver\src\stm32f4xx_gpio.c 0x00000000   Number         0  stm32f4xx_gpio.o ABSOLUTE
    ..\LIB\STM32F4xx_StdPeriph_Driver\src\stm32f4xx_rcc.c 0x00000000   Number         0  stm32f4xx_rcc.o ABSOLUTE
    ..\LIB\STM32F4xx_StdPeriph_Driver\src\stm32f4xx_usart.c 0x00000000   Number         0  stm32f4xx_usart.o ABSOLUTE
    ..\\APP\\main.c                          0x00000000   Number         0  main.o ABSOLUTE
    ..\\APP\\stm32f4xx_it.c                  0x00000000   Number         0  stm32f4xx_it.o ABSOLUTE
    ..\\BSP\\Emm_V5.c                        0x00000000   Number         0  emm_v5.o ABSOLUTE
    ..\\BSP\\board.c                         0x00000000   Number         0  board.o ABSOLUTE
    ..\\BSP\\usart.c                         0x00000000   Number         0  usart.o ABSOLUTE
    ..\\CMSIS\\system_stm32f4xx.c            0x00000000   Number         0  system_stm32f4xx.o ABSOLUTE
    ..\\DRIVERS\\delay.c                     0x00000000   Number         0  delay.o ABSOLUTE
    ..\\DRIVERS\\fifo.c                      0x00000000   Number         0  fifo.o ABSOLUTE
    ..\\FreeRTOS\\portable\\RVDS\\ARM_CM4F\\port.c 0x00000000   Number         0  port.o ABSOLUTE
    ..\\Hardware\\moving.c                   0x00000000   Number         0  moving.o ABSOLUTE
    ..\\LIB\\STM32F4xx_StdPeriph_Driver\\src\\misc.c 0x00000000   Number         0  misc.o ABSOLUTE
    ..\\LIB\\STM32F4xx_StdPeriph_Driver\\src\\stm32f4xx_gpio.c 0x00000000   Number         0  stm32f4xx_gpio.o ABSOLUTE
    ..\\LIB\\STM32F4xx_StdPeriph_Driver\\src\\stm32f4xx_rcc.c 0x00000000   Number         0  stm32f4xx_rcc.o ABSOLUTE
    ..\\LIB\\STM32F4xx_StdPeriph_Driver\\src\\stm32f4xx_usart.c 0x00000000   Number         0  stm32f4xx_usart.o ABSOLUTE
    dc.s                                     0x00000000   Number         0  dc.o ABSOLUTE
    handlers.s                               0x00000000   Number         0  handlers.o ABSOLUTE
    init.s                                   0x00000000   Number         0  init.o ABSOLUTE
    RESET                                    0x08000000   Section      392  startup_stm32f40_41xxx.o(RESET)
    .ARM.Collect$$$$00000000                 0x08000188   Section        0  entry.o(.ARM.Collect$$$$00000000)
    .ARM.Collect$$$$00000001                 0x08000188   Section        4  entry2.o(.ARM.Collect$$$$00000001)
    .ARM.Collect$$$$00000004                 0x0800018c   Section        4  entry5.o(.ARM.Collect$$$$00000004)
    .ARM.Collect$$$$00000008                 0x08000190   Section        0  entry7b.o(.ARM.Collect$$$$00000008)
    .ARM.Collect$$$$0000000A                 0x08000190   Section        0  entry8b.o(.ARM.Collect$$$$0000000A)
    .ARM.Collect$$$$0000000B                 0x08000190   Section        8  entry9a.o(.ARM.Collect$$$$0000000B)
    .ARM.Collect$$$$0000000D                 0x08000198   Section        0  entry10a.o(.ARM.Collect$$$$0000000D)
    .ARM.Collect$$$$0000000F                 0x08000198   Section        0  entry11a.o(.ARM.Collect$$$$0000000F)
    .ARM.Collect$$$$00002712                 0x08000198   Section        4  entry2.o(.ARM.Collect$$$$00002712)
    __lit__00000000                          0x08000198   Data           4  entry2.o(.ARM.Collect$$$$00002712)
    .emb_text                                0x0800019c   Section      190  port.o(.emb_text)
    $v0                                      0x0800019c   Number         0  port.o(.emb_text)
    .text                                    0x0800025c   Section       36  startup_stm32f40_41xxx.o(.text)
    $v0                                      0x0800025c   Number         0  startup_stm32f40_41xxx.o(.text)
    .text                                    0x08000280   Section        0  memcpya.o(.text)
    .text                                    0x080002a4   Section        0  memseta.o(.text)
    .text                                    0x080002c8   Section       36  init.o(.text)
    i.BusFault_Handler                       0x080002ec   Section        0  stm32f4xx_it.o(i.BusFault_Handler)
    i.DebugMon_Handler                       0x080002f0   Section        0  stm32f4xx_it.o(i.DebugMon_Handler)
    i.Emm_V5_Pos_Control                     0x080002f4   Section        0  emm_v5.o(i.Emm_V5_Pos_Control)
    i.Emm_V5_Synchronous_motion              0x0800034c   Section        0  emm_v5.o(i.Emm_V5_Synchronous_motion)
    i.GPIO_Init                              0x08000370   Section        0  stm32f4xx_gpio.o(i.GPIO_Init)
    i.GPIO_PinAFConfig                       0x08000400   Section        0  stm32f4xx_gpio.o(i.GPIO_PinAFConfig)
    i.HardFault_Handler                      0x08000446   Section        0  stm32f4xx_it.o(i.HardFault_Handler)
    i.MemManage_Handler                      0x0800044a   Section        0  stm32f4xx_it.o(i.MemManage_Handler)
    i.Moving_Task_Create                     0x08000450   Section        0  moving.o(i.Moving_Task_Create)
    i.NMI_Handler                            0x0800047c   Section        0  stm32f4xx_it.o(i.NMI_Handler)
    i.NVIC_Init                              0x08000480   Section        0  misc.o(i.NVIC_Init)
    i.NVIC_PriorityGroupConfig               0x080004f8   Section        0  misc.o(i.NVIC_PriorityGroupConfig)
    i.RCC_AHB1PeriphClockCmd                 0x0800050c   Section        0  stm32f4xx_rcc.o(i.RCC_AHB1PeriphClockCmd)
    i.RCC_APB1PeriphClockCmd                 0x0800052c   Section        0  stm32f4xx_rcc.o(i.RCC_APB1PeriphClockCmd)
    i.RCC_GetClocksFreq                      0x0800054c   Section        0  stm32f4xx_rcc.o(i.RCC_GetClocksFreq)
    i.SetSysClock                            0x08000634   Section        0  system_stm32f4xx.o(i.SetSysClock)
    SetSysClock                              0x08000635   Thumb Code   220  system_stm32f4xx.o(i.SetSysClock)
    i.SysTick_Handler                        0x08000720   Section        0  port.o(i.SysTick_Handler)
    i.SystemInit                             0x08000754   Section        0  system_stm32f4xx.o(i.SystemInit)
    i.USART3_IRQHandler                      0x080007bc   Section        0  usart.o(i.USART3_IRQHandler)
    i.USART_ClearITPendingBit                0x08000844   Section        0  stm32f4xx_usart.o(i.USART_ClearITPendingBit)
    i.USART_Cmd                              0x08000862   Section        0  stm32f4xx_usart.o(i.USART_Cmd)
    i.USART_GetITStatus                      0x0800087a   Section        0  stm32f4xx_usart.o(i.USART_GetITStatus)
    i.USART_ITConfig                         0x080008ce   Section        0  stm32f4xx_usart.o(i.USART_ITConfig)
    i.USART_Init                             0x08000918   Section        0  stm32f4xx_usart.o(i.USART_Init)
    i.UsageFault_Handler                     0x080009ec   Section        0  stm32f4xx_it.o(i.UsageFault_Handler)
    i.User_Sequential_Logic                  0x080009f0   Section        0  main.o(i.User_Sequential_Logic)
    i.__scatterload_copy                     0x08000a0c   Section       14  handlers.o(i.__scatterload_copy)
    i.__scatterload_null                     0x08000a1a   Section        2  handlers.o(i.__scatterload_null)
    i.__scatterload_zeroinit                 0x08000a1c   Section       14  handlers.o(i.__scatterload_zeroinit)
    i.board_init                             0x08000a2a   Section        0  board.o(i.board_init)
    i.clock_init                             0x08000a3a   Section        0  board.o(i.clock_init)
    i.fifo_deQueue                           0x08000a50   Section        0  fifo.o(i.fifo_deQueue)
    i.fifo_enQueue                           0x08000a80   Section        0  fifo.o(i.fifo_enQueue)
    i.fifo_queueLength                       0x08000ab0   Section        0  fifo.o(i.fifo_queueLength)
    i.main                                   0x08000aec   Section        0  main.o(i.main)
    i.moving_task                            0x08000afc   Section        0  moving.o(i.moving_task)
    moving_task                              0x08000afd   Thumb Code    16  moving.o(i.moving_task)
    i.nvic_init                              0x08000b0c   Section        0  board.o(i.nvic_init)
    i.prvAddCurrentTaskToDelayedList         0x08000b38   Section        0  tasks.o(i.prvAddCurrentTaskToDelayedList)
    prvAddCurrentTaskToDelayedList           0x08000b39   Thumb Code   174  tasks.o(i.prvAddCurrentTaskToDelayedList)
    i.prvAddNewTaskToReadyList               0x08000c04   Section        0  tasks.o(i.prvAddNewTaskToReadyList)
    prvAddNewTaskToReadyList                 0x08000c05   Thumb Code   218  tasks.o(i.prvAddNewTaskToReadyList)
    i.prvCheckForValidListAndQueue           0x08000cfc   Section        0  timers.o(i.prvCheckForValidListAndQueue)
    prvCheckForValidListAndQueue             0x08000cfd   Thumb Code    72  timers.o(i.prvCheckForValidListAndQueue)
    i.prvCheckTasksWaitingTermination        0x08000d60   Section        0  tasks.o(i.prvCheckTasksWaitingTermination)
    prvCheckTasksWaitingTermination          0x08000d61   Thumb Code    60  tasks.o(i.prvCheckTasksWaitingTermination)
    i.prvCopyDataFromQueue                   0x08000da8   Section        0  queue.o(i.prvCopyDataFromQueue)
    prvCopyDataFromQueue                     0x08000da9   Thumb Code    42  queue.o(i.prvCopyDataFromQueue)
    i.prvCreateIdleTasks                     0x08000dd4   Section        0  tasks.o(i.prvCreateIdleTasks)
    prvCreateIdleTasks                       0x08000dd5   Thumb Code    86  tasks.o(i.prvCreateIdleTasks)
    i.prvCreateTask                          0x08000e3c   Section        0  tasks.o(i.prvCreateTask)
    prvCreateTask                            0x08000e3d   Thumb Code    90  tasks.o(i.prvCreateTask)
    i.prvDeleteTCB                           0x08000e96   Section        0  tasks.o(i.prvDeleteTCB)
    prvDeleteTCB                             0x08000e97   Thumb Code    18  tasks.o(i.prvDeleteTCB)
    i.prvGetNextExpireTime                   0x08000ea8   Section        0  timers.o(i.prvGetNextExpireTime)
    prvGetNextExpireTime                     0x08000ea9   Thumb Code    36  timers.o(i.prvGetNextExpireTime)
    i.prvHeapInit                            0x08000ed0   Section        0  heap_4.o(i.prvHeapInit)
    prvHeapInit                              0x08000ed1   Thumb Code    88  heap_4.o(i.prvHeapInit)
    i.prvIdleTask                            0x08000f3c   Section        0  tasks.o(i.prvIdleTask)
    prvIdleTask                              0x08000f3d   Thumb Code    32  tasks.o(i.prvIdleTask)
    i.prvInitialiseNewQueue                  0x08000f64   Section        0  queue.o(i.prvInitialiseNewQueue)
    prvInitialiseNewQueue                    0x08000f65   Thumb Code    42  queue.o(i.prvInitialiseNewQueue)
    i.prvInitialiseNewTask                   0x08000f8e   Section        0  tasks.o(i.prvInitialiseNewTask)
    prvInitialiseNewTask                     0x08000f8f   Thumb Code   204  tasks.o(i.prvInitialiseNewTask)
    i.prvInitialiseTaskLists                 0x0800105c   Section        0  tasks.o(i.prvInitialiseTaskLists)
    prvInitialiseTaskLists                   0x0800105d   Thumb Code    70  tasks.o(i.prvInitialiseTaskLists)
    i.prvInsertBlockIntoFreeList             0x080010c4   Section        0  heap_4.o(i.prvInsertBlockIntoFreeList)
    prvInsertBlockIntoFreeList               0x080010c5   Thumb Code   144  heap_4.o(i.prvInsertBlockIntoFreeList)
    i.prvInsertTimerInActiveList             0x08001164   Section        0  timers.o(i.prvInsertTimerInActiveList)
    prvInsertTimerInActiveList               0x08001165   Thumb Code    80  timers.o(i.prvInsertTimerInActiveList)
    i.prvIsQueueEmpty                        0x080011bc   Section        0  queue.o(i.prvIsQueueEmpty)
    prvIsQueueEmpty                          0x080011bd   Thumb Code    26  queue.o(i.prvIsQueueEmpty)
    i.prvProcessExpiredTimer                 0x080011d8   Section        0  timers.o(i.prvProcessExpiredTimer)
    prvProcessExpiredTimer                   0x080011d9   Thumb Code    62  timers.o(i.prvProcessExpiredTimer)
    i.prvProcessReceivedCommands             0x0800121c   Section        0  timers.o(i.prvProcessReceivedCommands)
    prvProcessReceivedCommands               0x0800121d   Thumb Code   288  timers.o(i.prvProcessReceivedCommands)
    i.prvProcessTimerOrBlockTask             0x08001340   Section        0  timers.o(i.prvProcessTimerOrBlockTask)
    prvProcessTimerOrBlockTask               0x08001341   Thumb Code   102  timers.o(i.prvProcessTimerOrBlockTask)
    i.prvReloadTimer                         0x080013b4   Section        0  timers.o(i.prvReloadTimer)
    prvReloadTimer                           0x080013b5   Thumb Code    40  timers.o(i.prvReloadTimer)
    i.prvResetNextTaskUnblockTime            0x080013dc   Section        0  tasks.o(i.prvResetNextTaskUnblockTime)
    prvResetNextTaskUnblockTime              0x080013dd   Thumb Code    40  tasks.o(i.prvResetNextTaskUnblockTime)
    i.prvSampleTimeNow                       0x0800140c   Section        0  timers.o(i.prvSampleTimeNow)
    prvSampleTimeNow                         0x0800140d   Thumb Code    40  timers.o(i.prvSampleTimeNow)
    i.prvSwitchTimerLists                    0x08001438   Section        0  timers.o(i.prvSwitchTimerLists)
    prvSwitchTimerLists                      0x08001439   Thumb Code    58  timers.o(i.prvSwitchTimerLists)
    i.prvTaskExitError                       0x0800147c   Section        0  port.o(i.prvTaskExitError)
    prvTaskExitError                         0x0800147d   Thumb Code    60  port.o(i.prvTaskExitError)
    i.prvTimerTask                           0x080014bc   Section        0  timers.o(i.prvTimerTask)
    prvTimerTask                             0x080014bd   Thumb Code    26  timers.o(i.prvTimerTask)
    i.prvUnlockQueue                         0x080014d6   Section        0  queue.o(i.prvUnlockQueue)
    prvUnlockQueue                           0x080014d7   Thumb Code   126  queue.o(i.prvUnlockQueue)
    i.pvPortMalloc                           0x08001554   Section        0  heap_4.o(i.pvPortMalloc)
    i.pxPortInitialiseStack                  0x0800174c   Section        0  port.o(i.pxPortInitialiseStack)
    i.usart_SendByte                         0x08001778   Section        0  usart.o(i.usart_SendByte)
    i.usart_SendCmd                          0x080017b4   Section        0  usart.o(i.usart_SendCmd)
    i.usart_init                             0x080017e0   Section        0  board.o(i.usart_init)
    i.uxListRemove                           0x08001884   Section        0  list.o(i.uxListRemove)
    i.vListInitialise                        0x080018ac   Section        0  list.o(i.vListInitialise)
    i.vListInitialiseItem                    0x080018c6   Section        0  list.o(i.vListInitialiseItem)
    i.vListInsert                            0x080018cc   Section        0  list.o(i.vListInsert)
    i.vListInsertEnd                         0x08001900   Section        0  list.o(i.vListInsertEnd)
    i.vPortEnterCritical                     0x08001918   Section        0  port.o(i.vPortEnterCritical)
    i.vPortExitCritical                      0x0800196c   Section        0  port.o(i.vPortExitCritical)
    i.vPortFree                              0x080019a8   Section        0  heap_4.o(i.vPortFree)
    i.vPortSetupTimerInterrupt               0x08001a68   Section        0  port.o(i.vPortSetupTimerInterrupt)
    i.vQueueAddToRegistry                    0x08001a90   Section        0  queue.o(i.vQueueAddToRegistry)
    i.vQueueWaitForMessageRestricted         0x08001af0   Section        0  queue.o(i.vQueueWaitForMessageRestricted)
    i.vTaskDelay                             0x08001b3c   Section        0  tasks.o(i.vTaskDelay)
    i.vTaskDelete                            0x08001b98   Section        0  tasks.o(i.vTaskDelete)
    i.vTaskInternalSetTimeOutState           0x08001cac   Section        0  tasks.o(i.vTaskInternalSetTimeOutState)
    i.vTaskMissedYield                       0x08001cc4   Section        0  tasks.o(i.vTaskMissedYield)
    i.vTaskPlaceOnEventList                  0x08001cd0   Section        0  tasks.o(i.vTaskPlaceOnEventList)
    i.vTaskPlaceOnEventListRestricted        0x08001d08   Section        0  tasks.o(i.vTaskPlaceOnEventListRestricted)
    i.vTaskStartScheduler                    0x08001d70   Section        0  tasks.o(i.vTaskStartScheduler)
    i.vTaskSuspendAll                        0x08001dec   Section        0  tasks.o(i.vTaskSuspendAll)
    i.vTaskSwitchContext                     0x08001dfc   Section        0  tasks.o(i.vTaskSwitchContext)
    i.xPortStartScheduler                    0x08001e90   Section        0  port.o(i.xPortStartScheduler)
    i.xQueueGenericCreate                    0x08001ff8   Section        0  queue.o(i.xQueueGenericCreate)
    i.xQueueGenericReset                     0x08002060   Section        0  queue.o(i.xQueueGenericReset)
    i.xQueueReceive                          0x0800213c   Section        0  queue.o(i.xQueueReceive)
    i.xTaskCheckForTimeOut                   0x080022a4   Section        0  tasks.o(i.xTaskCheckForTimeOut)
    i.xTaskCreate                            0x08002334   Section        0  tasks.o(i.xTaskCreate)
    i.xTaskGetSchedulerState                 0x0800236c   Section        0  tasks.o(i.xTaskGetSchedulerState)
    i.xTaskGetTickCount                      0x0800238c   Section        0  tasks.o(i.xTaskGetTickCount)
    i.xTaskIncrementTick                     0x08002398   Section        0  tasks.o(i.xTaskIncrementTick)
    i.xTaskRemoveFromEventList               0x08002564   Section        0  tasks.o(i.xTaskRemoveFromEventList)
    i.xTaskResumeAll                         0x08002694   Section        0  tasks.o(i.xTaskResumeAll)
    i.xTimerCreateTimerTask                  0x08002834   Section        0  timers.o(i.xTimerCreateTimerTask)
    i.zhuan_ni                               0x0800288c   Section        0  moving.o(i.zhuan_ni)
    .data                                    0x10000000   Section        2  usart.o(.data)
    .data                                    0x10000004   Section       20  system_stm32f4xx.o(.data)
    .data                                    0x10000018   Section       16  stm32f4xx_rcc.o(.data)
    APBAHBPrescTable                         0x10000018   Data          16  stm32f4xx_rcc.o(.data)
    .data                                    0x10000028   Section       64  tasks.o(.data)
    pxDelayedTaskList                        0x1000002c   Data           4  tasks.o(.data)
    pxOverflowDelayedTaskList                0x10000030   Data           4  tasks.o(.data)
    uxDeletedTasksWaitingCleanUp             0x10000034   Data           4  tasks.o(.data)
    uxCurrentNumberOfTasks                   0x10000038   Data           4  tasks.o(.data)
    xTickCount                               0x1000003c   Data           4  tasks.o(.data)
    uxTopReadyPriority                       0x10000040   Data           4  tasks.o(.data)
    xSchedulerRunning                        0x10000044   Data           4  tasks.o(.data)
    xPendedTicks                             0x10000048   Data           4  tasks.o(.data)
    xYieldPendings                           0x1000004c   Data           4  tasks.o(.data)
    xNumOfOverflows                          0x10000050   Data           4  tasks.o(.data)
    uxTaskNumber                             0x10000054   Data           4  tasks.o(.data)
    xNextTaskUnblockTime                     0x10000058   Data           4  tasks.o(.data)
    xIdleTaskHandles                         0x1000005c   Data           4  tasks.o(.data)
    uxTopUsedPriority                        0x10000060   Data           4  tasks.o(.data)
    uxSchedulerSuspended                     0x10000064   Data           4  tasks.o(.data)
    .data                                    0x10000068   Section       20  timers.o(.data)
    pxCurrentTimerList                       0x10000068   Data           4  timers.o(.data)
    pxOverflowTimerList                      0x1000006c   Data           4  timers.o(.data)
    xTimerQueue                              0x10000070   Data           4  timers.o(.data)
    xTimerTaskHandle                         0x10000074   Data           4  timers.o(.data)
    xLastTime                                0x10000078   Data           4  timers.o(.data)
    .data                                    0x1000007c   Section       12  port.o(.data)
    uxCriticalNesting                        0x1000007c   Data           4  port.o(.data)
    ucMaxSysCallPriority                     0x10000080   Data           1  port.o(.data)
    ulMaxPRIGROUPValue                       0x10000084   Data           4  port.o(.data)
    .data                                    0x10000088   Section       28  heap_4.o(.data)
    xStart                                   0x10000088   Data           8  heap_4.o(.data)
    pxEnd                                    0x10000090   Data           4  heap_4.o(.data)
    xFreeBytesRemaining                      0x10000094   Data           4  heap_4.o(.data)
    xMinimumEverFreeBytesRemaining           0x10000098   Data           4  heap_4.o(.data)
    xNumberOfSuccessfulAllocations           0x1000009c   Data           4  heap_4.o(.data)
    xNumberOfSuccessfulFrees                 0x100000a0   Data           4  heap_4.o(.data)
    .data                                    0x100000a4   Section        4  moving.o(.data)
    .bss                                     0x100000a8   Section     2260  emm_v5.o(.bss)
    cmd                                      0x100004a8   Data          16  emm_v5.o(.bss)
    cmd                                      0x100004b8   Data          16  emm_v5.o(.bss)
    cmd                                      0x100004c8   Data          16  emm_v5.o(.bss)
    cmd                                      0x100004d8   Data          16  emm_v5.o(.bss)
    cmd                                      0x100004e8   Data          16  emm_v5.o(.bss)
    cmd                                      0x100004f8   Data         512  emm_v5.o(.bss)
    cmd                                      0x100006f8   Data          16  emm_v5.o(.bss)
    cmd                                      0x10000708   Data          16  emm_v5.o(.bss)
    cmd                                      0x10000718   Data          16  emm_v5.o(.bss)
    cmd                                      0x10000728   Data          16  emm_v5.o(.bss)
    cmd                                      0x10000738   Data          16  emm_v5.o(.bss)
    cmd                                      0x10000748   Data          16  emm_v5.o(.bss)
    cmd                                      0x10000758   Data          16  emm_v5.o(.bss)
    cmd                                      0x10000768   Data          16  emm_v5.o(.bss)
    cmd                                      0x10000778   Data          16  emm_v5.o(.bss)
    cmd                                      0x10000788   Data          32  emm_v5.o(.bss)
    cmd                                      0x100007a8   Data          16  emm_v5.o(.bss)
    cmd                                      0x100007b8   Data          16  emm_v5.o(.bss)
    cmd                                      0x100007c8   Data          16  emm_v5.o(.bss)
    cmd                                      0x100007d8   Data          16  emm_v5.o(.bss)
    cmd                                      0x100007e8   Data          16  emm_v5.o(.bss)
    cmd                                      0x100007f8   Data          16  emm_v5.o(.bss)
    cmd                                      0x10000808   Data          16  emm_v5.o(.bss)
    cmd                                      0x10000818   Data          16  emm_v5.o(.bss)
    cmd                                      0x10000828   Data          16  emm_v5.o(.bss)
    cmd                                      0x10000838   Data          16  emm_v5.o(.bss)
    cmd                                      0x10000848   Data          16  emm_v5.o(.bss)
    cmd                                      0x10000858   Data          16  emm_v5.o(.bss)
    cmd                                      0x10000868   Data          16  emm_v5.o(.bss)
    cmd                                      0x10000878   Data          16  emm_v5.o(.bss)
    cmd                                      0x10000888   Data          16  emm_v5.o(.bss)
    cmd                                      0x10000898   Data          20  emm_v5.o(.bss)
    cmd                                      0x100008ac   Data          16  emm_v5.o(.bss)
    cmd                                      0x100008bc   Data          32  emm_v5.o(.bss)
    cmd                                      0x100008dc   Data          16  emm_v5.o(.bss)
    cmd                                      0x100008ec   Data          16  emm_v5.o(.bss)
    cmd                                      0x100008fc   Data          16  emm_v5.o(.bss)
    cmd                                      0x1000090c   Data          16  emm_v5.o(.bss)
    cmd                                      0x1000091c   Data          16  emm_v5.o(.bss)
    cmd                                      0x1000092c   Data          16  emm_v5.o(.bss)
    cmd                                      0x1000093c   Data          16  emm_v5.o(.bss)
    cmd                                      0x1000094c   Data          16  emm_v5.o(.bss)
    cmd                                      0x1000095c   Data          16  emm_v5.o(.bss)
    cmd                                      0x1000096c   Data          16  emm_v5.o(.bss)
    .bss                                     0x1000097c   Section      128  usart.o(.bss)
    .bss                                     0x100009fc   Section      258  fifo.o(.bss)
    .bss                                     0x10000b00   Section       64  queue.o(.bss)
    .bss                                     0x10000b40   Section      200  tasks.o(.bss)
    pxReadyTasksLists                        0x10000b40   Data         100  tasks.o(.bss)
    xDelayedTaskList1                        0x10000ba4   Data          20  tasks.o(.bss)
    xDelayedTaskList2                        0x10000bb8   Data          20  tasks.o(.bss)
    xPendingReadyList                        0x10000bcc   Data          20  tasks.o(.bss)
    xTasksWaitingTermination                 0x10000be0   Data          20  tasks.o(.bss)
    xSuspendedTaskList                       0x10000bf4   Data          20  tasks.o(.bss)
    .bss                                     0x10000c08   Section       40  timers.o(.bss)
    xActiveTimerList1                        0x10000c08   Data          20  timers.o(.bss)
    xActiveTimerList2                        0x10000c1c   Data          20  timers.o(.bss)
    STACK                                    0x10000c30   Section     1024  startup_stm32f40_41xxx.o(STACK)
    .bss                                     0x20000000   Section    76800  heap_4.o(.bss)
    ucHeap                                   0x20000000   Data       76800  heap_4.o(.bss)

    Global Symbols

    Symbol Name                              Value     Ov Type        Size  Object(Section)

    BuildAttributes$$THM_ISAv4$E$P$D$K$B$S$7EM$VFPi3$EXTD16$VFPS$VFMA$PE$A:L22UL41UL21$X:L11$S22US41US21$IEEE1$IW$USESV6$~STKCKD$USESV7$~SHL$OSPACE$EBA8$MICROLIB$REQ8$PRES8$EABIv2 0x00000000   Number         0  anon$$obj.o ABSOLUTE
    __ARM_use_no_argv                        0x00000000   Number         0  main.o ABSOLUTE
    __cpp_initialize__aeabi_                  - Undefined Weak Reference
    __cxa_finalize                            - Undefined Weak Reference
    __decompress                              - Undefined Weak Reference
    _clock_init                               - Undefined Weak Reference
    _microlib_exit                            - Undefined Weak Reference
    __Vectors_Size                           0x00000188   Number         0  startup_stm32f40_41xxx.o ABSOLUTE
    __Vectors                                0x08000000   Data           4  startup_stm32f40_41xxx.o(RESET)
    __Vectors_End                            0x08000188   Data           0  startup_stm32f40_41xxx.o(RESET)
    __main                                   0x08000189   Thumb Code     0  entry.o(.ARM.Collect$$$$00000000)
    _main_stk                                0x08000189   Thumb Code     0  entry2.o(.ARM.Collect$$$$00000001)
    _main_scatterload                        0x0800018d   Thumb Code     0  entry5.o(.ARM.Collect$$$$00000004)
    __main_after_scatterload                 0x08000191   Thumb Code     0  entry5.o(.ARM.Collect$$$$00000004)
    _main_clock                              0x08000191   Thumb Code     0  entry7b.o(.ARM.Collect$$$$00000008)
    _main_cpp_init                           0x08000191   Thumb Code     0  entry8b.o(.ARM.Collect$$$$0000000A)
    _main_init                               0x08000191   Thumb Code     0  entry9a.o(.ARM.Collect$$$$0000000B)
    __rt_final_cpp                           0x08000199   Thumb Code     0  entry10a.o(.ARM.Collect$$$$0000000D)
    __rt_final_exit                          0x08000199   Thumb Code     0  entry11a.o(.ARM.Collect$$$$0000000F)
    SVC_Handler                              0x0800019d   Thumb Code    28  port.o(.emb_text)
    __asm___6_port_c_39a90d8d__prvStartFirstTask 0x080001bd   Thumb Code    36  port.o(.emb_text)
    __asm___6_port_c_39a90d8d__prvEnableVFP  0x080001e5   Thumb Code    16  port.o(.emb_text)
    PendSV_Handler                           0x080001f9   Thumb Code    88  port.o(.emb_text)
    vPortGetIPSR                             0x08000255   Thumb Code     6  port.o(.emb_text)
    Reset_Handler                            0x0800025d   Thumb Code     8  startup_stm32f40_41xxx.o(.text)
    ADC_IRQHandler                           0x08000277   Thumb Code     0  startup_stm32f40_41xxx.o(.text)
    CAN1_RX0_IRQHandler                      0x08000277   Thumb Code     0  startup_stm32f40_41xxx.o(.text)
    CAN1_RX1_IRQHandler                      0x08000277   Thumb Code     0  startup_stm32f40_41xxx.o(.text)
    CAN1_SCE_IRQHandler                      0x08000277   Thumb Code     0  startup_stm32f40_41xxx.o(.text)
    CAN1_TX_IRQHandler                       0x08000277   Thumb Code     0  startup_stm32f40_41xxx.o(.text)
    CAN2_RX0_IRQHandler                      0x08000277   Thumb Code     0  startup_stm32f40_41xxx.o(.text)
    CAN2_RX1_IRQHandler                      0x08000277   Thumb Code     0  startup_stm32f40_41xxx.o(.text)
    CAN2_SCE_IRQHandler                      0x08000277   Thumb Code     0  startup_stm32f40_41xxx.o(.text)
    CAN2_TX_IRQHandler                       0x08000277   Thumb Code     0  startup_stm32f40_41xxx.o(.text)
    CRYP_IRQHandler                          0x08000277   Thumb Code     0  startup_stm32f40_41xxx.o(.text)
    DCMI_IRQHandler                          0x08000277   Thumb Code     0  startup_stm32f40_41xxx.o(.text)
    DMA1_Stream0_IRQHandler                  0x08000277   Thumb Code     0  startup_stm32f40_41xxx.o(.text)
    DMA1_Stream1_IRQHandler                  0x08000277   Thumb Code     0  startup_stm32f40_41xxx.o(.text)
    DMA1_Stream2_IRQHandler                  0x08000277   Thumb Code     0  startup_stm32f40_41xxx.o(.text)
    DMA1_Stream3_IRQHandler                  0x08000277   Thumb Code     0  startup_stm32f40_41xxx.o(.text)
    DMA1_Stream4_IRQHandler                  0x08000277   Thumb Code     0  startup_stm32f40_41xxx.o(.text)
    DMA1_Stream5_IRQHandler                  0x08000277   Thumb Code     0  startup_stm32f40_41xxx.o(.text)
    DMA1_Stream6_IRQHandler                  0x08000277   Thumb Code     0  startup_stm32f40_41xxx.o(.text)
    DMA1_Stream7_IRQHandler                  0x08000277   Thumb Code     0  startup_stm32f40_41xxx.o(.text)
    DMA2_Stream0_IRQHandler                  0x08000277   Thumb Code     0  startup_stm32f40_41xxx.o(.text)
    DMA2_Stream1_IRQHandler                  0x08000277   Thumb Code     0  startup_stm32f40_41xxx.o(.text)
    DMA2_Stream2_IRQHandler                  0x08000277   Thumb Code     0  startup_stm32f40_41xxx.o(.text)
    DMA2_Stream3_IRQHandler                  0x08000277   Thumb Code     0  startup_stm32f40_41xxx.o(.text)
    DMA2_Stream4_IRQHandler                  0x08000277   Thumb Code     0  startup_stm32f40_41xxx.o(.text)
    DMA2_Stream5_IRQHandler                  0x08000277   Thumb Code     0  startup_stm32f40_41xxx.o(.text)
    DMA2_Stream6_IRQHandler                  0x08000277   Thumb Code     0  startup_stm32f40_41xxx.o(.text)
    DMA2_Stream7_IRQHandler                  0x08000277   Thumb Code     0  startup_stm32f40_41xxx.o(.text)
    ETH_IRQHandler                           0x08000277   Thumb Code     0  startup_stm32f40_41xxx.o(.text)
    ETH_WKUP_IRQHandler                      0x08000277   Thumb Code     0  startup_stm32f40_41xxx.o(.text)
    EXTI0_IRQHandler                         0x08000277   Thumb Code     0  startup_stm32f40_41xxx.o(.text)
    EXTI15_10_IRQHandler                     0x08000277   Thumb Code     0  startup_stm32f40_41xxx.o(.text)
    EXTI1_IRQHandler                         0x08000277   Thumb Code     0  startup_stm32f40_41xxx.o(.text)
    EXTI2_IRQHandler                         0x08000277   Thumb Code     0  startup_stm32f40_41xxx.o(.text)
    EXTI3_IRQHandler                         0x08000277   Thumb Code     0  startup_stm32f40_41xxx.o(.text)
    EXTI4_IRQHandler                         0x08000277   Thumb Code     0  startup_stm32f40_41xxx.o(.text)
    EXTI9_5_IRQHandler                       0x08000277   Thumb Code     0  startup_stm32f40_41xxx.o(.text)
    FLASH_IRQHandler                         0x08000277   Thumb Code     0  startup_stm32f40_41xxx.o(.text)
    FPU_IRQHandler                           0x08000277   Thumb Code     0  startup_stm32f40_41xxx.o(.text)
    FSMC_IRQHandler                          0x08000277   Thumb Code     0  startup_stm32f40_41xxx.o(.text)
    HASH_RNG_IRQHandler                      0x08000277   Thumb Code     0  startup_stm32f40_41xxx.o(.text)
    I2C1_ER_IRQHandler                       0x08000277   Thumb Code     0  startup_stm32f40_41xxx.o(.text)
    I2C1_EV_IRQHandler                       0x08000277   Thumb Code     0  startup_stm32f40_41xxx.o(.text)
    I2C2_ER_IRQHandler                       0x08000277   Thumb Code     0  startup_stm32f40_41xxx.o(.text)
    I2C2_EV_IRQHandler                       0x08000277   Thumb Code     0  startup_stm32f40_41xxx.o(.text)
    I2C3_ER_IRQHandler                       0x08000277   Thumb Code     0  startup_stm32f40_41xxx.o(.text)
    I2C3_EV_IRQHandler                       0x08000277   Thumb Code     0  startup_stm32f40_41xxx.o(.text)
    OTG_FS_IRQHandler                        0x08000277   Thumb Code     0  startup_stm32f40_41xxx.o(.text)
    OTG_FS_WKUP_IRQHandler                   0x08000277   Thumb Code     0  startup_stm32f40_41xxx.o(.text)
    OTG_HS_EP1_IN_IRQHandler                 0x08000277   Thumb Code     0  startup_stm32f40_41xxx.o(.text)
    OTG_HS_EP1_OUT_IRQHandler                0x08000277   Thumb Code     0  startup_stm32f40_41xxx.o(.text)
    OTG_HS_IRQHandler                        0x08000277   Thumb Code     0  startup_stm32f40_41xxx.o(.text)
    OTG_HS_WKUP_IRQHandler                   0x08000277   Thumb Code     0  startup_stm32f40_41xxx.o(.text)
    PVD_IRQHandler                           0x08000277   Thumb Code     0  startup_stm32f40_41xxx.o(.text)
    RCC_IRQHandler                           0x08000277   Thumb Code     0  startup_stm32f40_41xxx.o(.text)
    RTC_Alarm_IRQHandler                     0x08000277   Thumb Code     0  startup_stm32f40_41xxx.o(.text)
    RTC_WKUP_IRQHandler                      0x08000277   Thumb Code     0  startup_stm32f40_41xxx.o(.text)
    SDIO_IRQHandler                          0x08000277   Thumb Code     0  startup_stm32f40_41xxx.o(.text)
    SPI1_IRQHandler                          0x08000277   Thumb Code     0  startup_stm32f40_41xxx.o(.text)
    SPI2_IRQHandler                          0x08000277   Thumb Code     0  startup_stm32f40_41xxx.o(.text)
    SPI3_IRQHandler                          0x08000277   Thumb Code     0  startup_stm32f40_41xxx.o(.text)
    TAMP_STAMP_IRQHandler                    0x08000277   Thumb Code     0  startup_stm32f40_41xxx.o(.text)
    TIM1_BRK_TIM9_IRQHandler                 0x08000277   Thumb Code     0  startup_stm32f40_41xxx.o(.text)
    TIM1_CC_IRQHandler                       0x08000277   Thumb Code     0  startup_stm32f40_41xxx.o(.text)
    TIM1_TRG_COM_TIM11_IRQHandler            0x08000277   Thumb Code     0  startup_stm32f40_41xxx.o(.text)
    TIM1_UP_TIM10_IRQHandler                 0x08000277   Thumb Code     0  startup_stm32f40_41xxx.o(.text)
    TIM2_IRQHandler                          0x08000277   Thumb Code     0  startup_stm32f40_41xxx.o(.text)
    TIM3_IRQHandler                          0x08000277   Thumb Code     0  startup_stm32f40_41xxx.o(.text)
    TIM4_IRQHandler                          0x08000277   Thumb Code     0  startup_stm32f40_41xxx.o(.text)
    TIM5_IRQHandler                          0x08000277   Thumb Code     0  startup_stm32f40_41xxx.o(.text)
    TIM6_DAC_IRQHandler                      0x08000277   Thumb Code     0  startup_stm32f40_41xxx.o(.text)
    TIM7_IRQHandler                          0x08000277   Thumb Code     0  startup_stm32f40_41xxx.o(.text)
    TIM8_BRK_TIM12_IRQHandler                0x08000277   Thumb Code     0  startup_stm32f40_41xxx.o(.text)
    TIM8_CC_IRQHandler                       0x08000277   Thumb Code     0  startup_stm32f40_41xxx.o(.text)
    TIM8_TRG_COM_TIM14_IRQHandler            0x08000277   Thumb Code     0  startup_stm32f40_41xxx.o(.text)
    TIM8_UP_TIM13_IRQHandler                 0x08000277   Thumb Code     0  startup_stm32f40_41xxx.o(.text)
    UART4_IRQHandler                         0x08000277   Thumb Code     0  startup_stm32f40_41xxx.o(.text)
    UART5_IRQHandler                         0x08000277   Thumb Code     0  startup_stm32f40_41xxx.o(.text)
    USART1_IRQHandler                        0x08000277   Thumb Code     0  startup_stm32f40_41xxx.o(.text)
    USART2_IRQHandler                        0x08000277   Thumb Code     0  startup_stm32f40_41xxx.o(.text)
    USART6_IRQHandler                        0x08000277   Thumb Code     0  startup_stm32f40_41xxx.o(.text)
    WWDG_IRQHandler                          0x08000277   Thumb Code     0  startup_stm32f40_41xxx.o(.text)
    __aeabi_memcpy                           0x08000281   Thumb Code    36  memcpya.o(.text)
    __aeabi_memcpy4                          0x08000281   Thumb Code     0  memcpya.o(.text)
    __aeabi_memcpy8                          0x08000281   Thumb Code     0  memcpya.o(.text)
    __aeabi_memset                           0x080002a5   Thumb Code    14  memseta.o(.text)
    __aeabi_memset4                          0x080002a5   Thumb Code     0  memseta.o(.text)
    __aeabi_memset8                          0x080002a5   Thumb Code     0  memseta.o(.text)
    __aeabi_memclr                           0x080002b3   Thumb Code     4  memseta.o(.text)
    __aeabi_memclr4                          0x080002b3   Thumb Code     0  memseta.o(.text)
    __aeabi_memclr8                          0x080002b3   Thumb Code     0  memseta.o(.text)
    memset                                   0x080002b7   Thumb Code    18  memseta.o(.text)
    __scatterload                            0x080002c9   Thumb Code    28  init.o(.text)
    __scatterload_rt2                        0x080002c9   Thumb Code     0  init.o(.text)
    BusFault_Handler                         0x080002ed   Thumb Code     4  stm32f4xx_it.o(i.BusFault_Handler)
    DebugMon_Handler                         0x080002f1   Thumb Code     2  stm32f4xx_it.o(i.DebugMon_Handler)
    Emm_V5_Pos_Control                       0x080002f5   Thumb Code    84  emm_v5.o(i.Emm_V5_Pos_Control)
    Emm_V5_Synchronous_motion                0x0800034d   Thumb Code    32  emm_v5.o(i.Emm_V5_Synchronous_motion)
    GPIO_Init                                0x08000371   Thumb Code   144  stm32f4xx_gpio.o(i.GPIO_Init)
    GPIO_PinAFConfig                         0x08000401   Thumb Code    70  stm32f4xx_gpio.o(i.GPIO_PinAFConfig)
    HardFault_Handler                        0x08000447   Thumb Code     4  stm32f4xx_it.o(i.HardFault_Handler)
    MemManage_Handler                        0x0800044b   Thumb Code     4  stm32f4xx_it.o(i.MemManage_Handler)
    Moving_Task_Create                       0x08000451   Thumb Code    24  moving.o(i.Moving_Task_Create)
    NMI_Handler                              0x0800047d   Thumb Code     2  stm32f4xx_it.o(i.NMI_Handler)
    NVIC_Init                                0x08000481   Thumb Code   106  misc.o(i.NVIC_Init)
    NVIC_PriorityGroupConfig                 0x080004f9   Thumb Code    10  misc.o(i.NVIC_PriorityGroupConfig)
    RCC_AHB1PeriphClockCmd                   0x0800050d   Thumb Code    26  stm32f4xx_rcc.o(i.RCC_AHB1PeriphClockCmd)
    RCC_APB1PeriphClockCmd                   0x0800052d   Thumb Code    26  stm32f4xx_rcc.o(i.RCC_APB1PeriphClockCmd)
    RCC_GetClocksFreq                        0x0800054d   Thumb Code   214  stm32f4xx_rcc.o(i.RCC_GetClocksFreq)
    SysTick_Handler                          0x08000721   Thumb Code    46  port.o(i.SysTick_Handler)
    SystemInit                               0x08000755   Thumb Code    88  system_stm32f4xx.o(i.SystemInit)
    USART3_IRQHandler                        0x080007bd   Thumb Code   120  usart.o(i.USART3_IRQHandler)
    USART_ClearITPendingBit                  0x08000845   Thumb Code    30  stm32f4xx_usart.o(i.USART_ClearITPendingBit)
    USART_Cmd                                0x08000863   Thumb Code    24  stm32f4xx_usart.o(i.USART_Cmd)
    USART_GetITStatus                        0x0800087b   Thumb Code    84  stm32f4xx_usart.o(i.USART_GetITStatus)
    USART_ITConfig                           0x080008cf   Thumb Code    74  stm32f4xx_usart.o(i.USART_ITConfig)
    USART_Init                               0x08000919   Thumb Code   204  stm32f4xx_usart.o(i.USART_Init)
    UsageFault_Handler                       0x080009ed   Thumb Code     4  stm32f4xx_it.o(i.UsageFault_Handler)
    User_Sequential_Logic                    0x080009f1   Thumb Code    28  main.o(i.User_Sequential_Logic)
    __scatterload_copy                       0x08000a0d   Thumb Code    14  handlers.o(i.__scatterload_copy)
    __scatterload_null                       0x08000a1b   Thumb Code     2  handlers.o(i.__scatterload_null)
    __scatterload_zeroinit                   0x08000a1d   Thumb Code    14  handlers.o(i.__scatterload_zeroinit)
    board_init                               0x08000a2b   Thumb Code    16  board.o(i.board_init)
    clock_init                               0x08000a3b   Thumb Code    20  board.o(i.clock_init)
    fifo_deQueue                             0x08000a51   Thumb Code    44  fifo.o(i.fifo_deQueue)
    fifo_enQueue                             0x08000a81   Thumb Code    42  fifo.o(i.fifo_enQueue)
    fifo_queueLength                         0x08000ab1   Thumb Code    56  fifo.o(i.fifo_queueLength)
    main                                     0x08000aed   Thumb Code    16  main.o(i.main)
    nvic_init                                0x08000b0d   Thumb Code    42  board.o(i.nvic_init)
    pvPortMalloc                             0x08001555   Thumb Code   474  heap_4.o(i.pvPortMalloc)
    pxPortInitialiseStack                    0x0800174d   Thumb Code    38  port.o(i.pxPortInitialiseStack)
    usart_SendByte                           0x08001779   Thumb Code    56  usart.o(i.usart_SendByte)
    usart_SendCmd                            0x080017b5   Thumb Code    44  usart.o(i.usart_SendCmd)
    usart_init                               0x080017e1   Thumb Code   154  board.o(i.usart_init)
    uxListRemove                             0x08001885   Thumb Code    40  list.o(i.uxListRemove)
    vListInitialise                          0x080018ad   Thumb Code    26  list.o(i.vListInitialise)
    vListInitialiseItem                      0x080018c7   Thumb Code     6  list.o(i.vListInitialiseItem)
    vListInsert                              0x080018cd   Thumb Code    52  list.o(i.vListInsert)
    vListInsertEnd                           0x08001901   Thumb Code    24  list.o(i.vListInsertEnd)
    vPortEnterCritical                       0x08001919   Thumb Code    76  port.o(i.vPortEnterCritical)
    vPortExitCritical                        0x0800196d   Thumb Code    56  port.o(i.vPortExitCritical)
    vPortFree                                0x080019a9   Thumb Code   174  heap_4.o(i.vPortFree)
    vPortSetupTimerInterrupt                 0x08001a69   Thumb Code    36  port.o(i.vPortSetupTimerInterrupt)
    vQueueAddToRegistry                      0x08001a91   Thumb Code    90  queue.o(i.vQueueAddToRegistry)
    vQueueWaitForMessageRestricted           0x08001af1   Thumb Code    74  queue.o(i.vQueueWaitForMessageRestricted)
    vTaskDelay                               0x08001b3d   Thumb Code    82  tasks.o(i.vTaskDelay)
    vTaskDelete                              0x08001b99   Thumb Code   234  tasks.o(i.vTaskDelete)
    vTaskInternalSetTimeOutState             0x08001cad   Thumb Code    14  tasks.o(i.vTaskInternalSetTimeOutState)
    vTaskMissedYield                         0x08001cc5   Thumb Code     8  tasks.o(i.vTaskMissedYield)
    vTaskPlaceOnEventList                    0x08001cd1   Thumb Code    52  tasks.o(i.vTaskPlaceOnEventList)
    vTaskPlaceOnEventListRestricted          0x08001d09   Thumb Code    98  tasks.o(i.vTaskPlaceOnEventListRestricted)
    vTaskStartScheduler                      0x08001d71   Thumb Code   106  tasks.o(i.vTaskStartScheduler)
    vTaskSuspendAll                          0x08001ded   Thumb Code    12  tasks.o(i.vTaskSuspendAll)
    vTaskSwitchContext                       0x08001dfd   Thumb Code   126  tasks.o(i.vTaskSwitchContext)
    xPortStartScheduler                      0x08001e91   Thumb Code   330  port.o(i.xPortStartScheduler)
    xQueueGenericCreate                      0x08001ff9   Thumb Code   102  queue.o(i.xQueueGenericCreate)
    xQueueGenericReset                       0x08002061   Thumb Code   214  queue.o(i.xQueueGenericReset)
    xQueueReceive                            0x0800213d   Thumb Code   356  queue.o(i.xQueueReceive)
    xTaskCheckForTimeOut                     0x080022a5   Thumb Code   136  tasks.o(i.xTaskCheckForTimeOut)
    xTaskCreate                              0x08002335   Thumb Code    56  tasks.o(i.xTaskCreate)
    xTaskGetSchedulerState                   0x0800236d   Thumb Code    24  tasks.o(i.xTaskGetSchedulerState)
    xTaskGetTickCount                        0x0800238d   Thumb Code     6  tasks.o(i.xTaskGetTickCount)
    xTaskIncrementTick                       0x08002399   Thumb Code   414  tasks.o(i.xTaskIncrementTick)
    xTaskRemoveFromEventList                 0x08002565   Thumb Code   280  tasks.o(i.xTaskRemoveFromEventList)
    xTaskResumeAll                           0x08002695   Thumb Code   380  tasks.o(i.xTaskResumeAll)
    xTimerCreateTimerTask                    0x08002835   Thumb Code    66  timers.o(i.xTimerCreateTimerTask)
    zhuan_ni                                 0x0800288d   Thumb Code   128  moving.o(i.zhuan_ni)
    Region$$Table$$Base                      0x0800290c   Number         0  anon$$obj.o(Region$$Table)
    Region$$Table$$Limit                     0x0800293c   Number         0  anon$$obj.o(Region$$Table)
    rxFrameFlag                              0x10000000   Data           1  usart.o(.data)
    rxCount                                  0x10000001   Data           1  usart.o(.data)
    SystemCoreClock                          0x10000004   Data           4  system_stm32f4xx.o(.data)
    AHBPrescTable                            0x10000008   Data          16  system_stm32f4xx.o(.data)
    pxCurrentTCB                             0x10000028   Data           4  tasks.o(.data)
    MovingTask_Handler                       0x100000a4   Data           4  moving.o(.data)
    MMCL_cmd                                 0x100000a8   Data        1024  emm_v5.o(.bss)
    rxCmd                                    0x1000097c   Data         128  usart.o(.bss)
    rxFIFO                                   0x100009fc   Data         258  fifo.o(.bss)
    xQueueRegistry                           0x10000b00   Data          64  queue.o(.bss)
    __initial_sp                             0x10001030   Data           0  startup_stm32f40_41xxx.o(STACK)



==============================================================================

Memory Map of the image

  Image Entry point : 0x08000189

  Load Region LR_IROM1 (Base: 0x08000000, Size: 0x000029e4, Max: 0x00100000, ABSOLUTE)

    Execution Region ER_IROM1 (Exec base: 0x08000000, Load base: 0x08000000, Size: 0x0000293c, Max: 0x00100000, ABSOLUTE)

    Exec Addr    Load Addr    Size         Type   Attr      Idx    E Section Name        Object

    0x08000000   0x08000000   0x00000188   Data   RO          722    RESET               startup_stm32f40_41xxx.o
    0x08000188   0x08000188   0x00000000   Code   RO         2892  * .ARM.Collect$$$$00000000  mc_w.l(entry.o)
    0x08000188   0x08000188   0x00000004   Code   RO         2903    .ARM.Collect$$$$00000001  mc_w.l(entry2.o)
    0x0800018c   0x0800018c   0x00000004   Code   RO         2906    .ARM.Collect$$$$00000004  mc_w.l(entry5.o)
    0x08000190   0x08000190   0x00000000   Code   RO         2908    .ARM.Collect$$$$00000008  mc_w.l(entry7b.o)
    0x08000190   0x08000190   0x00000000   Code   RO         2910    .ARM.Collect$$$$0000000A  mc_w.l(entry8b.o)
    0x08000190   0x08000190   0x00000008   Code   RO         2911    .ARM.Collect$$$$0000000B  mc_w.l(entry9a.o)
    0x08000198   0x08000198   0x00000000   Code   RO         2913    .ARM.Collect$$$$0000000D  mc_w.l(entry10a.o)
    0x08000198   0x08000198   0x00000000   Code   RO         2915    .ARM.Collect$$$$0000000F  mc_w.l(entry11a.o)
    0x08000198   0x08000198   0x00000004   Code   RO         2904    .ARM.Collect$$$$00002712  mc_w.l(entry2.o)
    0x0800019c   0x0800019c   0x000000be   Code   RO         2677    .emb_text           port.o
    0x0800025a   0x0800025a   0x00000002   PAD
    0x0800025c   0x0800025c   0x00000024   Code   RO          723    .text               startup_stm32f40_41xxx.o
    0x08000280   0x08000280   0x00000024   Code   RO         2895    .text               mc_w.l(memcpya.o)
    0x080002a4   0x080002a4   0x00000024   Code   RO         2899    .text               mc_w.l(memseta.o)
    0x080002c8   0x080002c8   0x00000024   Code   RO         2917    .text               mc_w.l(init.o)
    0x080002ec   0x080002ec   0x00000004   Code   RO          196    i.BusFault_Handler  stm32f4xx_it.o
    0x080002f0   0x080002f0   0x00000002   Code   RO          197    i.DebugMon_Handler  stm32f4xx_it.o
    0x080002f2   0x080002f2   0x00000002   PAD
    0x080002f4   0x080002f4   0x00000058   Code   RO          336    i.Emm_V5_Pos_Control  emm_v5.o
    0x0800034c   0x0800034c   0x00000024   Code   RO          352    i.Emm_V5_Synchronous_motion  emm_v5.o
    0x08000370   0x08000370   0x00000090   Code   RO          856    i.GPIO_Init         stm32f4xx_gpio.o
    0x08000400   0x08000400   0x00000046   Code   RO          857    i.GPIO_PinAFConfig  stm32f4xx_gpio.o
    0x08000446   0x08000446   0x00000004   Code   RO          198    i.HardFault_Handler  stm32f4xx_it.o
    0x0800044a   0x0800044a   0x00000004   Code   RO          199    i.MemManage_Handler  stm32f4xx_it.o
    0x0800044e   0x0800044e   0x00000002   PAD
    0x08000450   0x08000450   0x0000002c   Code   RO         2824    i.Moving_Task_Create  moving.o
    0x0800047c   0x0800047c   0x00000002   Code   RO          200    i.NMI_Handler       stm32f4xx_it.o
    0x0800047e   0x0800047e   0x00000002   PAD
    0x08000480   0x08000480   0x00000078   Code   RO         1487    i.NVIC_Init         misc.o
    0x080004f8   0x080004f8   0x00000014   Code   RO         1488    i.NVIC_PriorityGroupConfig  misc.o
    0x0800050c   0x0800050c   0x00000020   Code   RO          957    i.RCC_AHB1PeriphClockCmd  stm32f4xx_rcc.o
    0x0800052c   0x0800052c   0x00000020   Code   RO          966    i.RCC_APB1PeriphClockCmd  stm32f4xx_rcc.o
    0x0800054c   0x0800054c   0x000000e8   Code   RO          978    i.RCC_GetClocksFreq  stm32f4xx_rcc.o
    0x08000634   0x08000634   0x000000ec   Code   RO          730    i.SetSysClock       system_stm32f4xx.o
    0x08000720   0x08000720   0x00000034   Code   RO         2678    i.SysTick_Handler   port.o
    0x08000754   0x08000754   0x00000068   Code   RO          732    i.SystemInit        system_stm32f4xx.o
    0x080007bc   0x080007bc   0x00000088   Code   RO          680    i.USART3_IRQHandler  usart.o
    0x08000844   0x08000844   0x0000001e   Code   RO         1296    i.USART_ClearITPendingBit  stm32f4xx_usart.o
    0x08000862   0x08000862   0x00000018   Code   RO         1299    i.USART_Cmd         stm32f4xx_usart.o
    0x0800087a   0x0800087a   0x00000054   Code   RO         1303    i.USART_GetITStatus  stm32f4xx_usart.o
    0x080008ce   0x080008ce   0x0000004a   Code   RO         1305    i.USART_ITConfig    stm32f4xx_usart.o
    0x08000918   0x08000918   0x000000d4   Code   RO         1306    i.USART_Init        stm32f4xx_usart.o
    0x080009ec   0x080009ec   0x00000004   Code   RO          201    i.UsageFault_Handler  stm32f4xx_it.o
    0x080009f0   0x080009f0   0x0000001c   Code   RO            4    i.User_Sequential_Logic  main.o
    0x08000a0c   0x08000a0c   0x0000000e   Code   RO         2921    i.__scatterload_copy  mc_w.l(handlers.o)
    0x08000a1a   0x08000a1a   0x00000002   Code   RO         2922    i.__scatterload_null  mc_w.l(handlers.o)
    0x08000a1c   0x08000a1c   0x0000000e   Code   RO         2923    i.__scatterload_zeroinit  mc_w.l(handlers.o)
    0x08000a2a   0x08000a2a   0x00000010   Code   RO          253    i.board_init        board.o
    0x08000a3a   0x08000a3a   0x00000014   Code   RO          254    i.clock_init        board.o
    0x08000a4e   0x08000a4e   0x00000002   PAD
    0x08000a50   0x08000a50   0x00000030   Code   RO          771    i.fifo_deQueue      fifo.o
    0x08000a80   0x08000a80   0x00000030   Code   RO          772    i.fifo_enQueue      fifo.o
    0x08000ab0   0x08000ab0   0x0000003c   Code   RO          774    i.fifo_queueLength  fifo.o
    0x08000aec   0x08000aec   0x00000010   Code   RO            5    i.main              main.o
    0x08000afc   0x08000afc   0x00000010   Code   RO         2829    i.moving_task       moving.o
    0x08000b0c   0x08000b0c   0x0000002a   Code   RO          255    i.nvic_init         board.o
    0x08000b36   0x08000b36   0x00000002   PAD
    0x08000b38   0x08000b38   0x000000cc   Code   RO         2096    i.prvAddCurrentTaskToDelayedList  tasks.o
    0x08000c04   0x08000c04   0x000000f8   Code   RO         2097    i.prvAddNewTaskToReadyList  tasks.o
    0x08000cfc   0x08000cfc   0x00000064   Code   RO         2494    i.prvCheckForValidListAndQueue  timers.o
    0x08000d60   0x08000d60   0x00000048   Code   RO         2098    i.prvCheckTasksWaitingTermination  tasks.o
    0x08000da8   0x08000da8   0x0000002a   Code   RO         1689    i.prvCopyDataFromQueue  queue.o
    0x08000dd2   0x08000dd2   0x00000002   PAD
    0x08000dd4   0x08000dd4   0x00000068   Code   RO         2099    i.prvCreateIdleTasks  tasks.o
    0x08000e3c   0x08000e3c   0x0000005a   Code   RO         2100    i.prvCreateTask     tasks.o
    0x08000e96   0x08000e96   0x00000012   Code   RO         2101    i.prvDeleteTCB      tasks.o
    0x08000ea8   0x08000ea8   0x00000028   Code   RO         2495    i.prvGetNextExpireTime  timers.o
    0x08000ed0   0x08000ed0   0x0000006c   Code   RO         2754    i.prvHeapInit       heap_4.o
    0x08000f3c   0x08000f3c   0x00000028   Code   RO         2102    i.prvIdleTask       tasks.o
    0x08000f64   0x08000f64   0x0000002a   Code   RO         1693    i.prvInitialiseNewQueue  queue.o
    0x08000f8e   0x08000f8e   0x000000cc   Code   RO         2103    i.prvInitialiseNewTask  tasks.o
    0x0800105a   0x0800105a   0x00000002   PAD
    0x0800105c   0x0800105c   0x00000068   Code   RO         2104    i.prvInitialiseTaskLists  tasks.o
    0x080010c4   0x080010c4   0x000000a0   Code   RO         2755    i.prvInsertBlockIntoFreeList  heap_4.o
    0x08001164   0x08001164   0x00000058   Code   RO         2497    i.prvInsertTimerInActiveList  timers.o
    0x080011bc   0x080011bc   0x0000001a   Code   RO         1694    i.prvIsQueueEmpty   queue.o
    0x080011d6   0x080011d6   0x00000002   PAD
    0x080011d8   0x080011d8   0x00000044   Code   RO         2498    i.prvProcessExpiredTimer  timers.o
    0x0800121c   0x0800121c   0x00000124   Code   RO         2499    i.prvProcessReceivedCommands  timers.o
    0x08001340   0x08001340   0x00000074   Code   RO         2500    i.prvProcessTimerOrBlockTask  timers.o
    0x080013b4   0x080013b4   0x00000028   Code   RO         2501    i.prvReloadTimer    timers.o
    0x080013dc   0x080013dc   0x00000030   Code   RO         2106    i.prvResetNextTaskUnblockTime  tasks.o
    0x0800140c   0x0800140c   0x0000002c   Code   RO         2502    i.prvSampleTimeNow  timers.o
    0x08001438   0x08001438   0x00000044   Code   RO         2503    i.prvSwitchTimerLists  timers.o
    0x0800147c   0x0800147c   0x00000040   Code   RO         2679    i.prvTaskExitError  port.o
    0x080014bc   0x080014bc   0x0000001a   Code   RO         2504    i.prvTimerTask      timers.o
    0x080014d6   0x080014d6   0x0000007e   Code   RO         1696    i.prvUnlockQueue    queue.o
    0x08001554   0x08001554   0x000001f8   Code   RO         2757    i.pvPortMalloc      heap_4.o
    0x0800174c   0x0800174c   0x0000002c   Code   RO         2680    i.pxPortInitialiseStack  port.o
    0x08001778   0x08001778   0x0000003c   Code   RO          681    i.usart_SendByte    usart.o
    0x080017b4   0x080017b4   0x0000002c   Code   RO          682    i.usart_SendCmd     usart.o
    0x080017e0   0x080017e0   0x000000a4   Code   RO          256    i.usart_init        board.o
    0x08001884   0x08001884   0x00000028   Code   RO         1649    i.uxListRemove      list.o
    0x080018ac   0x080018ac   0x0000001a   Code   RO         1650    i.vListInitialise   list.o
    0x080018c6   0x080018c6   0x00000006   Code   RO         1651    i.vListInitialiseItem  list.o
    0x080018cc   0x080018cc   0x00000034   Code   RO         1652    i.vListInsert       list.o
    0x08001900   0x08001900   0x00000018   Code   RO         1653    i.vListInsertEnd    list.o
    0x08001918   0x08001918   0x00000054   Code   RO         2682    i.vPortEnterCritical  port.o
    0x0800196c   0x0800196c   0x0000003c   Code   RO         2683    i.vPortExitCritical  port.o
    0x080019a8   0x080019a8   0x000000c0   Code   RO         2758    i.vPortFree         heap_4.o
    0x08001a68   0x08001a68   0x00000028   Code   RO         2684    i.vPortSetupTimerInterrupt  port.o
    0x08001a90   0x08001a90   0x00000060   Code   RO         1704    i.vQueueAddToRegistry  queue.o
    0x08001af0   0x08001af0   0x0000004a   Code   RO         1708    i.vQueueWaitForMessageRestricted  queue.o
    0x08001b3a   0x08001b3a   0x00000002   PAD
    0x08001b3c   0x08001b3c   0x0000005c   Code   RO         2120    i.vTaskDelay        tasks.o
    0x08001b98   0x08001b98   0x00000114   Code   RO         2121    i.vTaskDelete       tasks.o
    0x08001cac   0x08001cac   0x00000018   Code   RO         2125    i.vTaskInternalSetTimeOutState  tasks.o
    0x08001cc4   0x08001cc4   0x0000000c   Code   RO         2126    i.vTaskMissedYield  tasks.o
    0x08001cd0   0x08001cd0   0x00000038   Code   RO         2127    i.vTaskPlaceOnEventList  tasks.o
    0x08001d08   0x08001d08   0x00000068   Code   RO         2128    i.vTaskPlaceOnEventListRestricted  tasks.o
    0x08001d70   0x08001d70   0x0000007c   Code   RO         2137    i.vTaskStartScheduler  tasks.o
    0x08001dec   0x08001dec   0x00000010   Code   RO         2139    i.vTaskSuspendAll   tasks.o
    0x08001dfc   0x08001dfc   0x00000094   Code   RO         2140    i.vTaskSwitchContext  tasks.o
    0x08001e90   0x08001e90   0x00000168   Code   RO         2686    i.xPortStartScheduler  port.o
    0x08001ff8   0x08001ff8   0x00000066   Code   RO         1711    i.xQueueGenericCreate  queue.o
    0x0800205e   0x0800205e   0x00000002   PAD
    0x08002060   0x08002060   0x000000dc   Code   RO         1712    i.xQueueGenericReset  queue.o
    0x0800213c   0x0800213c   0x00000168   Code   RO         1721    i.xQueueReceive     queue.o
    0x080022a4   0x080022a4   0x00000090   Code   RO         2142    i.xTaskCheckForTimeOut  tasks.o
    0x08002334   0x08002334   0x00000038   Code   RO         2143    i.xTaskCreate       tasks.o
    0x0800236c   0x0800236c   0x00000020   Code   RO         2151    i.xTaskGetSchedulerState  tasks.o
    0x0800238c   0x0800238c   0x0000000c   Code   RO         2152    i.xTaskGetTickCount  tasks.o
    0x08002398   0x08002398   0x000001cc   Code   RO         2154    i.xTaskIncrementTick  tasks.o
    0x08002564   0x08002564   0x00000130   Code   RO         2157    i.xTaskRemoveFromEventList  tasks.o
    0x08002694   0x08002694   0x000001a0   Code   RO         2158    i.xTaskResumeAll    tasks.o
    0x08002834   0x08002834   0x00000058   Code   RO         2513    i.xTimerCreateTimerTask  timers.o
    0x0800288c   0x0800288c   0x00000080   Code   RO         2830    i.zhuan_ni          moving.o
    0x0800290c   0x0800290c   0x00000030   Data   RO         2919    Region$$Table       anon$$obj.o


    Execution Region RW_IRAM2 (Exec base: 0x10000000, Load base: 0x0800293c, Size: 0x00001030, Max: 0x00010000, ABSOLUTE)

    Exec Addr    Load Addr    Size         Type   Attr      Idx    E Section Name        Object

    0x10000000   0x0800293c   0x00000002   Data   RW          684    .data               usart.o
    0x10000002   0x0800293e   0x00000002   PAD
    0x10000004   0x08002940   0x00000014   Data   RW          733    .data               system_stm32f4xx.o
    0x10000018   0x08002954   0x00000010   Data   RW         1010    .data               stm32f4xx_rcc.o
    0x10000028   0x08002964   0x00000040   Data   RW         2161    .data               tasks.o
    0x10000068   0x080029a4   0x00000014   Data   RW         2522    .data               timers.o
    0x1000007c   0x080029b8   0x0000000c   Data   RW         2687    .data               port.o
    0x10000088   0x080029c4   0x0000001c   Data   RW         2765    .data               heap_4.o
    0x100000a4   0x080029e0   0x00000004   Data   RW         2832    .data               moving.o
    0x100000a8        -       0x000008d4   Zero   RW          355    .bss                emm_v5.o
    0x1000097c        -       0x00000080   Zero   RW          683    .bss                usart.o
    0x100009fc        -       0x00000102   Zero   RW          776    .bss                fifo.o
    0x10000afe   0x080029e4   0x00000002   PAD
    0x10000b00        -       0x00000040   Zero   RW         1725    .bss                queue.o
    0x10000b40        -       0x000000c8   Zero   RW         2160    .bss                tasks.o
    0x10000c08        -       0x00000028   Zero   RW         2521    .bss                timers.o
    0x10000c30        -       0x00000400   Zero   RW          720    STACK               startup_stm32f40_41xxx.o


    Execution Region RW_IRAM1 (Exec base: 0x20000000, Load base: 0x0800293c, Size: 0x00012c00, Max: 0x00020000, ABSOLUTE)

    Exec Addr    Load Addr    Size         Type   Attr      Idx    E Section Name        Object

    0x20000000        -       0x00012c00   Zero   RW         2764    .bss                heap_4.o


==============================================================================

Image component sizes


      Code (inc. data)   RO Data    RW Data    ZI Data      Debug   Object Name

       242         10          0          0          0       2039   board.o
       124          8          0          0       2260      25374   emm_v5.o
         0          0          0          0          0      15432   event_groups.o
       156         14          0          0        258       2306   fifo.o
       964         84          0         28      76800       5895   heap_4.o
       148          0          0          0          0       3222   list.o
        44          0          0          0          0     287795   main.o
       140         24          0          0          0       1667   misc.o
       188         20          0          4          0       1757   moving.o
       894         78          0         12          0      10740   port.o
      1088         16          0          0         64      12179   queue.o
        36          8        392          0       1024        852   startup_stm32f40_41xxx.o
       214          0          0          0          0       1887   stm32f4xx_gpio.o
        20          0          0          0          0       2717   stm32f4xx_it.o
       296         30          0         16          0       4234   stm32f4xx_rcc.o
       424          8          0          0          0       4576   stm32f4xx_usart.o
       340         32          0         20          0       1753   system_stm32f4xx.o
      3408        388          0         64        200      30742   tasks.o
       970        110          0         20         40      26416   timers.o
       240         20          0          2        128       2225   usart.o

    ----------------------------------------------------------------------
      9958        850        440        168      80776     443808   Object Totals
         0          0         48          0          0          0   (incl. Generated)
        22          0          0          2          2          0   (incl. Padding)

    ----------------------------------------------------------------------

      Code (inc. data)   RO Data    RW Data    ZI Data      Debug   Library Member Name

         0          0          0          0          0          0   entry.o
         0          0          0          0          0          0   entry10a.o
         0          0          0          0          0          0   entry11a.o
         8          4          0          0          0          0   entry2.o
         4          0          0          0          0          0   entry5.o
         0          0          0          0          0          0   entry7b.o
         0          0          0          0          0          0   entry8b.o
         8          4          0          0          0          0   entry9a.o
        30          0          0          0          0          0   handlers.o
        36          8          0          0          0         68   init.o
        36          0          0          0          0         68   memcpya.o
        36          0          0          0          0        108   memseta.o

    ----------------------------------------------------------------------
       158         16          0          0          0        244   Library Totals
         0          0          0          0          0          0   (incl. Padding)

    ----------------------------------------------------------------------

      Code (inc. data)   RO Data    RW Data    ZI Data      Debug   Library Name

       158         16          0          0          0        244   mc_w.l

    ----------------------------------------------------------------------
       158         16          0          0          0        244   Library Totals

    ----------------------------------------------------------------------

==============================================================================


      Code (inc. data)   RO Data    RW Data    ZI Data      Debug   

     10116        866        440        168      80776     434704   Grand Totals
     10116        866        440        168      80776     434704   ELF Image Totals
     10116        866        440        168          0          0   ROM Totals

==============================================================================

    Total RO  Size (Code + RO Data)                10556 (  10.31kB)
    Total RW  Size (RW Data + ZI Data)             80944 (  79.05kB)
    Total ROM Size (Code + RO Data + RW Data)      10724 (  10.47kB)

==============================================================================

