<html>
<body>
<pre>
<h1>µVision Build Log</h1>
<h2>Tool Versions:</h2>
IDE-Version: ¦ÌVision V5.40.0.0
Copyright (C) 2024 ARM Ltd and ARM Germany GmbH. All rights reserved.
License Information: A A, A, LIC=BUURY-IJS8V-QD8KD-8L3J8-BZKPC-H2WJH
 
Tool Versions:
Toolchain:       MDK-ARM Plus  Version: 5.40.0.3
Toolchain Path:  D:\LeStoreDownload\keil5 mdk\ARM\ARMCC\Bin
C Compiler:      Armcc.exe V5.06 update 5 (build 528)
Assembler:       Armasm.exe V5.06 update 5 (build 528)
Linker/Locator:  ArmLink.exe V5.06 update 5 (build 528)
Library Manager: ArmAr.exe V5.06 update 5 (build 528)
Hex Converter:   FromElf.exe V5.06 update 5 (build 528)
CPU DLL:         SARMCM3.DLL V5.40.0.3
Dialog DLL:      DCM.DLL V1.17.5.0
Target DLL:      CMSIS_AGDI.dll V1.33.18.0
Dialog DLL:      TCM.DLL V1.56.4.0
 
<h2>Project:</h2>
D:\compitation\2026goongchuang\8.24\PRJ\STM32_UART_CMD.uvprojx
Project File Date:  08/24/2026

<h2>Output:</h2>
*** Using Compiler 'V5.06 update 5 (build 528)', folder: 'D:\LeStoreDownload\keil5 mdk\ARM\ARMCC\Bin'
Build target 'V1.0'
compiling main.c...
..\Hardware\moving.h(28): warning:  #1-D: last line of file ends without a newline
  #endif /* __MOVING_H */
..\APP\main.c(24): warning:  #223-D: function "zhuan_ni" declared implicitly
  	zhuan_ni(32000);
..\APP\main.c(53): warning:  #1-D: last line of file ends without a newline
  }
..\APP\main.c: 3 warnings, 0 errors
compiling moving.c...
..\Hardware\moving.h(28): warning:  #1-D: last line of file ends without a newline
  #endif /* __MOVING_H */
..\Hardware\moving.c: 1 warning, 0 errors
linking...
Program Size: Code=10116 RO-data=440 RW-data=168 ZI-data=80776  
FromELF: creating hex file...
".\Objects\STM32F4.axf" - 0 Error(s), 4 Warning(s).

<h2>Software Packages used:</h2>

Package Vendor: Keil
                http://www.keil.com/pack/Keil.STM32F4xx_DFP.1.0.8.pack
                Keil::STM32F4xx_DFP@1.0.8
                STMicroelectronics STM32F4 Series Device Support, Drivers and Examples

<h2>Collection of Component include folders:</h2>
  D:/LeStoreDownload/keil5 mdk/ARM/PACK/Keil/STM32F4xx_DFP/1.0.8/Device/Include

<h2>Collection of Component Files used:</h2>
Build Time Elapsed:  00:00:03
</pre>
</body>
</html>
